Component: ARM Compiler 5.06 update 7 (build 960) Tool: armlink [4d3601]

==============================================================================

Section Cross References

    startup_stm32f302xc.o(STACK) refers (Special) to heapauxi.o(.text) for __use_two_region_memory
    startup_stm32f302xc.o(HEAP) refers (Special) to heapauxi.o(.text) for __use_two_region_memory
    startup_stm32f302xc.o(RESET) refers (Special) to heapauxi.o(.text) for __use_two_region_memory
    startup_stm32f302xc.o(RESET) refers to startup_stm32f302xc.o(STACK) for __initial_sp
    startup_stm32f302xc.o(RESET) refers to startup_stm32f302xc.o(.text) for Reset_Handler
    startup_stm32f302xc.o(RESET) refers to stm32f3xx_it.o(i.NMI_Handler) for NMI_Handler
    startup_stm32f302xc.o(RESET) refers to stm32f3xx_it.o(i.HardFault_Handler) for HardFault_Handler
    startup_stm32f302xc.o(RESET) refers to stm32f3xx_it.o(i.MemManage_Handler) for MemManage_Handler
    startup_stm32f302xc.o(RESET) refers to stm32f3xx_it.o(i.BusFault_Handler) for BusFault_Handler
    startup_stm32f302xc.o(RESET) refers to stm32f3xx_it.o(i.UsageFault_Handler) for UsageFault_Handler
    startup_stm32f302xc.o(RESET) refers to stm32f3xx_it.o(i.SVC_Handler) for SVC_Handler
    startup_stm32f302xc.o(RESET) refers to stm32f3xx_it.o(i.DebugMon_Handler) for DebugMon_Handler
    startup_stm32f302xc.o(RESET) refers to stm32f3xx_it.o(i.PendSV_Handler) for PendSV_Handler
    startup_stm32f302xc.o(RESET) refers to stm32f3xx_it.o(i.SysTick_Handler) for SysTick_Handler
    startup_stm32f302xc.o(RESET) refers to stm32f3xx_it.o(i.RCC_IRQHandler) for RCC_IRQHandler
    startup_stm32f302xc.o(RESET) refers to stm32f3xx_it.o(i.DMA1_Channel2_IRQHandler) for DMA1_Channel2_IRQHandler
    startup_stm32f302xc.o(RESET) refers to stm32f3xx_it.o(i.DMA1_Channel3_IRQHandler) for DMA1_Channel3_IRQHandler
    startup_stm32f302xc.o(RESET) refers to stm32f3xx_it.o(i.DMA1_Channel4_IRQHandler) for DMA1_Channel4_IRQHandler
    startup_stm32f302xc.o(RESET) refers to stm32f3xx_it.o(i.DMA1_Channel5_IRQHandler) for DMA1_Channel5_IRQHandler
    startup_stm32f302xc.o(RESET) refers to stm32f3xx_it.o(i.DMA1_Channel6_IRQHandler) for DMA1_Channel6_IRQHandler
    startup_stm32f302xc.o(RESET) refers to stm32f3xx_it.o(i.DMA1_Channel7_IRQHandler) for DMA1_Channel7_IRQHandler
    startup_stm32f302xc.o(RESET) refers to stm32f3xx_it.o(i.SPI1_IRQHandler) for SPI1_IRQHandler
    startup_stm32f302xc.o(RESET) refers to stm32f3xx_it.o(i.USART1_IRQHandler) for USART1_IRQHandler
    startup_stm32f302xc.o(RESET) refers to stm32f3xx_it.o(i.USART2_IRQHandler) for USART2_IRQHandler
    startup_stm32f302xc.o(.text) refers (Special) to heapauxi.o(.text) for __use_two_region_memory
    startup_stm32f302xc.o(.text) refers to system_stm32f3xx.o(i.SystemInit) for SystemInit
    startup_stm32f302xc.o(.text) refers to __main.o(!!!main) for __main
    startup_stm32f302xc.o(.text) refers to startup_stm32f302xc.o(HEAP) for Heap_Mem
    startup_stm32f302xc.o(.text) refers to startup_stm32f302xc.o(STACK) for Stack_Mem
    board.o(i.all_in_transmit) refers to spiuser.o(i.SPI_Read_Flash) for SPI_Read_Flash
    board.o(i.all_in_transmit) refers to rt_memcpy_v6.o(.text) for __aeabi_memcpy
    board.o(i.all_in_transmit) refers to stm32f3xx_hal_uart.o(i.HAL_UART_Transmit_DMA) for HAL_UART_Transmit_DMA
    board.o(i.all_in_transmit) refers to usartuser.o(.bss) for uart1
    board.o(i.all_in_transmit) refers to spiuser.o(.bss) for spi1
    board.o(i.all_in_transmit) refers to usart.o(.bss) for huart1
    board.o(i.board_Init) refers to board.o(.bss) for .bss
    board.o(i.board_quick) refers to board.o(i.receive_String_Handle) for receive_String_Handle
    board.o(i.board_quick) refers to board.o(i.receive_String_Handle_devided) for receive_String_Handle_devided
    board.o(i.board_quick) refers to usartuser.o(i.screen_trans) for screen_trans
    board.o(i.board_slow) refers to stm32f3xx_hal_gpio.o(i.HAL_GPIO_TogglePin) for HAL_GPIO_TogglePin
    board.o(i.board_slow) refers to board.o(.bss) for .bss
    board.o(i.board_ticks_handle) refers to board.o(i.to_read_spi) for to_read_spi
    board.o(i.board_ticks_handle) refers to board.o(i.to_tired_test) for to_tired_test
    board.o(i.board_ticks_handle) refers to board.o(i.to_tired_test_zeros_ones) for to_tired_test_zeros_ones
    board.o(i.board_ticks_handle) refers to board.o(i.receive_forward) for receive_forward
    board.o(i.board_ticks_handle) refers to board.o(i.to_get_data_devided) for to_get_data_devided
    board.o(i.board_ticks_handle) refers to board.o(i.check_clc) for check_clc
    board.o(i.board_ticks_handle) refers to board.o(i.to_check_flag) for to_check_flag
    board.o(i.board_ticks_handle) refers to board.o(i.all_in_transmit) for all_in_transmit
    board.o(i.board_ticks_handle) refers to board.o(i.to_change_spi) for to_change_spi
    board.o(i.board_ticks_handle) refers to board.o(i.clc_screen) for clc_screen
[...]
    ../clib/angel/sys.s                      0x00000000   Number         0  use_no_semi.o ABSOLUTE
    ../clib/angel/sys.s                      0x00000000   Number         0  sys_stackheap_outer.o ABSOLUTE
    ../clib/angel/sys.s                      0x00000000   Number         0  libspace.o ABSOLUTE
    ../clib/angel/sys.s                      0x00000000   Number         0  indicate_semi.o ABSOLUTE
    ../clib/angel/sysapp.c                   0x00000000   Number         0  sys_wrch.o ABSOLUTE
    ../clib/angel/sysapp.c                   0x00000000   Number         0  sys_exit.o ABSOLUTE
    ../clib/angel/sysapp.c                   0x00000000   Number         0  sys_command.o ABSOLUTE
    ../clib/armsys.c                         0x00000000   Number         0  argv_veneer.o ABSOLUTE
    ../clib/armsys.c                         0x00000000   Number         0  argv_veneer.o ABSOLUTE
    ../clib/armsys.c                         0x00000000   Number         0  no_argv.o ABSOLUTE
    ../clib/armsys.c                         0x00000000   Number         0  _get_argv_nomalloc.o ABSOLUTE
    ../clib/heapalloc.c                      0x00000000   Number         0  hrguard.o ABSOLUTE
    ../clib/heapaux.c                        0x00000000   Number         0  heapauxi.o ABSOLUTE
    ../clib/libinit.s                        0x00000000   Number         0  libshutdown.o ABSOLUTE
    ../clib/libinit.s                        0x00000000   Number         0  libinit2.o ABSOLUTE
    ../clib/libinit.s                        0x00000000   Number         0  libshutdown2.o ABSOLUTE
    ../clib/libinit.s                        0x00000000   Number         0  libinit.o ABSOLUTE
    ../clib/longlong.s                       0x00000000   Number         0  lludivv7m.o ABSOLUTE
    ../clib/longlong.s                       0x00000000   Number         0  llushr.o ABSOLUTE
    ../clib/memcpset.s                       0x00000000   Number         0  rt_memcpy_v6.o ABSOLUTE
    ../clib/memcpset.s                       0x00000000   Number         0  rt_memcpy_w.o ABSOLUTE
    ../clib/memcpset.s                       0x00000000   Number         0  rt_memclr_w.o ABSOLUTE
    ../clib/signal.c                         0x00000000   Number         0  defsig_rtred_inner.o ABSOLUTE
    ../clib/signal.c                         0x00000000   Number         0  defsig_rtmem_inner.o ABSOLUTE
    ../clib/signal.c                         0x00000000   Number         0  defsig_rtmem_outer.o ABSOLUTE
    ../clib/signal.c                         0x00000000   Number         0  defsig_rtmem_formal.o ABSOLUTE
    ../clib/signal.c                         0x00000000   Number         0  defsig_stak_inner.o ABSOLUTE
    ../clib/signal.c                         0x00000000   Number         0  defsig_cppl_inner.o ABSOLUTE
    ../clib/signal.c                         0x00000000   Number         0  defsig_fpe_outer.o ABSOLUTE
    ../clib/signal.c                         0x00000000   Number         0  defsig_fpe_formal.o ABSOLUTE
    ../clib/signal.c                         0x00000000   Number         0  defsig_exit.o ABSOLUTE
    ../clib/signal.c                         0x00000000   Number         0  defsig_fpe_inner.o ABSOLUTE
    ../clib/signal.c                         0x00000000   Number         0  defsig_pvfn_inner.o ABSOLUTE
    ../clib/signal.c                         0x00000000   Number         0  __raise.o ABSOLUTE
    ../clib/signal.c                         0x00000000   Number         0  defsig_segv_inner.o ABSOLUTE
    ../clib/signal.c                         0x00000000   Number         0  defsig_other.o ABSOLUTE
    ../clib/signal.c                         0x00000000   Number         0  defsig_abrt_inner.o ABSOLUTE
    ../clib/signal.c                         0x00000000   Number         0  defsig_general.o ABSOLUTE
    ../clib/signal.s                         0x00000000   Number         0  defsig.o ABSOLUTE
    ../clib/stdlib.c                         0x00000000   Number         0  exit.o ABSOLUTE
    ../fplib/fpinit.s                        0x00000000   Number         0  fpinit.o ABSOLUTE
    ..\Core\Src\dma.c                        0x00000000   Number         0  dma.o ABSOLUTE
    ..\Core\Src\gpio.c                       0x00000000   Number         0  gpio.o ABSOLUTE
    ..\Core\Src\main.c                       0x00000000   Number         0  main.o ABSOLUTE
    ..\Core\Src\spi.c                        0x00000000   Number         0  spi.o ABSOLUTE
    ..\Core\Src\stm32f3xx_hal_msp.c          0x00000000   Number         0  stm32f3xx_hal_msp.o ABSOLUTE
    ..\Core\Src\stm32f3xx_it.c               0x00000000   Number         0  stm32f3xx_it.o ABSOLUTE
    ..\Core\Src\system_stm32f3xx.c           0x00000000   Number         0  system_stm32f3xx.o ABSOLUTE
    ..\Core\Src\usart.c                      0x00000000   Number         0  usart.o ABSOLUTE
    ..\Drivers\STM32F3xx_HAL_Driver\Src\stm32f3xx_hal.c 0x00000000   Number         0  stm32f3xx_hal.o ABSOLUTE
    ..\Drivers\STM32F3xx_HAL_Driver\Src\stm32f3xx_hal_cortex.c 0x00000000   Number         0  stm32f3xx_hal_cortex.o ABSOLUTE
    ..\Drivers\STM32F3xx_HAL_Driver\Src\stm32f3xx_hal_dma.c 0x00000000   Number         0  stm32f3xx_hal_dma.o ABSOLUTE
    ..\Drivers\STM32F3xx_HAL_Driver\Src\stm32f3xx_hal_exti.c 0x00000000   Number         0  stm32f3xx_hal_exti.o ABSOLUTE
    ..\Drivers\STM32F3xx_HAL_Driver\Src\stm32f3xx_hal_flash.c 0x00000000   Number         0  stm32f3xx_hal_flash.o ABSOLUTE
    ..\Drivers\STM32F3xx_HAL_Driver\Src\stm32f3xx_hal_flash_ex.c 0x00000000   Number         0  stm32f3xx_hal_flash_ex.o ABSOLUTE
    ..\Drivers\STM32F3xx_HAL_Driver\Src\stm32f3xx_hal_gpio.c 0x00000000   Number         0  stm32f3xx_hal_gpio.o ABSOLUTE
    ..\Drivers\STM32F3xx_HAL_Driver\Src\stm32f3xx_hal_i2c.c 0x00000000   Number         0  stm32f3xx_hal_i2c.o ABSOLUTE
    ..\Drivers\STM32F3xx_HAL_Driver\Src\stm32f3xx_hal_i2c_ex.c 0x00000000   Number         0  stm32f3xx_hal_i2c_ex.o ABSOLUTE
    ..\Drivers\STM32F3xx_HAL_Driver\Src\stm32f3xx_hal_pwr.c 0x00000000   Number         0  stm32f3xx_hal_pwr.o ABSOLUTE
    ..\Drivers\STM32F3xx_HAL_Driver\Src\stm32f3xx_hal_pwr_ex.c 0x00000000   Number         0  stm32f3xx_hal_pwr_ex.o ABSOLUTE
    ..\Drivers\STM32F3xx_HAL_Driver\Src\stm32f3xx_hal_rcc.c 0x00000000   Number         0  stm32f3xx_hal_rcc.o ABSOLUTE
    ..\Drivers\STM32F3xx_HAL_Driver\Src\stm32f3xx_hal_rcc_ex.c 0x00000000   Number         0  stm32f3xx_hal_rcc_ex.o ABSOLUTE
    ..\Drivers\STM32F3xx_HAL_Driver\Src\stm32f3xx_hal_spi.c 0x00000000   Number         0  stm32f3xx_hal_spi.o ABSOLUTE
    ..\Drivers\STM32F3xx_HAL_Driver\Src\stm32f3xx_hal_spi_ex.c 0x00000000   Number         0  stm32f3xx_hal_spi_ex.o ABSOLUTE
    ..\Drivers\STM32F3xx_HAL_Driver\Src\stm32f3xx_hal_tim.c 0x00000000   Number         0  stm32f3xx_hal_tim.o ABSOLUTE
    ..\Drivers\STM32F3xx_HAL_Driver\Src\stm32f3xx_hal_tim_ex.c 0x00000000   Number         0  stm32f3xx_hal_tim_ex.o ABSOLUTE
    ..\Drivers\STM32F3xx_HAL_Driver\Src\stm32f3xx_hal_uart.c 0x00000000   Number         0  stm32f3xx_hal_uart.o ABSOLUTE
    ..\Drivers\STM32F3xx_HAL_Driver\Src\stm32f3xx_hal_uart_ex.c 0x00000000   Number         0  stm32f3xx_hal_uart_ex.o ABSOLUTE
    ..\User\board.c                          0x00000000   Number         0  board.o ABSOLUTE
    ..\User\spiuser.c                        0x00000000   Number         0  spiuser.o ABSOLUTE
    ..\User\usartuser.c                      0x00000000   Number         0  usartuser.o ABSOLUTE
    ..\\User\\board.c                        0x00000000   Number         0  board.o ABSOLUTE
    ..\\User\\spiuser.c                      0x00000000   Number         0  spiuser.o ABSOLUTE
    ..\\User\\usartuser.c                    0x00000000   Number         0  usartuser.o ABSOLUTE
    dc.s                                     0x00000000   Number         0  dc.o ABSOLUTE
    startup_stm32f302xc.s                    0x00000000   Number         0  startup_stm32f302xc.o ABSOLUTE
    RESET                                    0x08000000   Section      392  startup_stm32f302xc.o(RESET)
    !!!main                                  0x08000188   Section        8  __main.o(!!!main)
    !!!scatter                               0x08000190   Section       52  __scatter.o(!!!scatter)
    !!handler_copy                           0x080001c4   Section       26  __scatter_copy.o(!!handler_copy)
    !!handler_zi                             0x080001e0   Section       28  __scatter_zi.o(!!handler_zi)
    .ARM.Collect$$libinit$$00000000          0x080001fc   Section        2  libinit.o(.ARM.Collect$$libinit$$00000000)
    .ARM.Collect$$libinit$$00000001          0x080001fe   Section        4  libinit2.o(.ARM.Collect$$libinit$$00000001)
    .ARM.Collect$$libinit$$00000004          0x08000202   Section        0  libinit2.o(.ARM.Collect$$libinit$$00000004)
    .ARM.Collect$$libinit$$0000000A          0x08000202   Section        0  libinit2.o(.ARM.Collect$$libinit$$0000000A)
    .ARM.Collect$$libinit$$0000000C          0x08000202   Section        0  libinit2.o(.ARM.Collect$$libinit$$0000000C)
    .ARM.Collect$$libinit$$0000000E          0x08000202   Section        0  libinit2.o(.ARM.Collect$$libinit$$0000000E)
    .ARM.Collect$$libinit$$00000011          0x08000202   Section        0  libinit2.o(.ARM.Collect$$libinit$$00000011)
    .ARM.Collect$$libinit$$00000013          0x08000202   Section        0  libinit2.o(.ARM.Collect$$libinit$$00000013)
    .ARM.Collect$$libinit$$00000015          0x08000202   Section        0  libinit2.o(.ARM.Collect$$libinit$$00000015)
    .ARM.Collect$$libinit$$00000017          0x08000202   Section        0  libinit2.o(.ARM.Collect$$libinit$$00000017)
    .ARM.Collect$$libinit$$00000019          0x08000202   Section        0  libinit2.o(.ARM.Collect$$libinit$$00000019)
    .ARM.Collect$$libinit$$0000001B          0x08000202   Section        0  libinit2.o(.ARM.Collect$$libinit$$0000001B)
    .ARM.Collect$$libinit$$0000001D          0x08000202   Section        0  libinit2.o(.ARM.Collect$$libinit$$0000001D)
    .ARM.Collect$$libinit$$0000001F          0x08000202   Section        0  libinit2.o(.ARM.Collect$$libinit$$0000001F)
    .ARM.Collect$$libinit$$00000021          0x08000202   Section        0  libinit2.o(.ARM.Collect$$libinit$$00000021)
    .ARM.Collect$$libinit$$00000023          0x08000202   Section        0  libinit2.o(.ARM.Collect$$libinit$$00000023)
    .ARM.Collect$$libinit$$00000025          0x08000202   Section        0  libinit2.o(.ARM.Collect$$libinit$$00000025)
    .ARM.Collect$$libinit$$0000002C          0x08000202   Section        0  libinit2.o(.ARM.Collect$$libinit$$0000002C)
    .ARM.Collect$$libinit$$0000002E          0x08000202   Section        0  libinit2.o(.ARM.Collect$$libinit$$0000002E)
    .ARM.Collect$$libinit$$00000030          0x08000202   Section        0  libinit2.o(.ARM.Collect$$libinit$$00000030)
    .ARM.Collect$$libinit$$00000032          0x08000202   Section        0  libinit2.o(.ARM.Collect$$libinit$$00000032)
    .ARM.Collect$$libinit$$00000033          0x08000202   Section        2  libinit2.o(.ARM.Collect$$libinit$$00000033)
    .ARM.Collect$$libshutdown$$00000000      0x08000204   Section        2  libshutdown.o(.ARM.Collect$$libshutdown$$00000000)
    .ARM.Collect$$libshutdown$$00000002      0x08000206   Section        0  libshutdown2.o(.ARM.Collect$$libshutdown$$00000002)
    .ARM.Collect$$libshutdown$$00000004      0x08000206   Section        0  libshutdown2.o(.ARM.Collect$$libshutdown$$00000004)
    .ARM.Collect$$libshutdown$$00000006      0x08000206   Section        0  libshutdown2.o(.ARM.Collect$$libshutdown$$00000006)
    .ARM.Collect$$libshutdown$$00000009      0x08000206   Section        0  libshutdown2.o(.ARM.Collect$$libshutdown$$00000009)
    .ARM.Collect$$libshutdown$$0000000C      0x08000206   Section        0  libshutdown2.o(.ARM.Collect$$libshutdown$$0000000C)
    .ARM.Collect$$libshutdown$$0000000E      0x08000206   Section        0  libshutdown2.o(.ARM.Collect$$libshutdown$$0000000E)
    .ARM.Collect$$libshutdown$$00000011      0x08000206   Section        0  libshutdown2.o(.ARM.Collect$$libshutdown$$00000011)
    .ARM.Collect$$libshutdown$$00000012      0x08000206   Section        2  libshutdown2.o(.ARM.Collect$$libshutdown$$00000012)
    .ARM.Collect$$rtentry$$00000000          0x08000208   Section        0  __rtentry.o(.ARM.Collect$$rtentry$$00000000)
    .ARM.Collect$$rtentry$$00000002          0x08000208   Section        0  __rtentry2.o(.ARM.Collect$$rtentry$$00000002)
    .ARM.Collect$$rtentry$$00000004          0x08000208   Section        6  __rtentry4.o(.ARM.Collect$$rtentry$$00000004)
    .ARM.Collect$$rtentry$$00000009          0x0800020e   Section        0  __rtentry2.o(.ARM.Collect$$rtentry$$00000009)
    .ARM.Collect$$rtentry$$0000000A          0x0800020e   Section        4  __rtentry2.o(.ARM.Collect$$rtentry$$0000000A)
    .ARM.Collect$$rtentry$$0000000C          0x08000212   Section        0  __rtentry2.o(.ARM.Collect$$rtentry$$0000000C)
    .ARM.Collect$$rtentry$$0000000D          0x08000212   Section        8  __rtentry2.o(.ARM.Collect$$rtentry$$0000000D)
    .ARM.Collect$$rtexit$$00000000           0x0800021a   Section        2  rtexit.o(.ARM.Collect$$rtexit$$00000000)
    .ARM.Collect$$rtexit$$00000002           0x0800021c   Section        0  rtexit2.o(.ARM.Collect$$rtexit$$00000002)
    .ARM.Collect$$rtexit$$00000003           0x0800021c   Section        4  rtexit2.o(.ARM.Collect$$rtexit$$00000003)
    .ARM.Collect$$rtexit$$00000004           0x08000220   Section        6  rtexit2.o(.ARM.Collect$$rtexit$$00000004)
    .text                                    0x08000228   Section       64  startup_stm32f302xc.o(.text)
    $v0                                      0x08000228   Number         0  startup_stm32f302xc.o(.text)
    .text                                    0x08000268   Section      238  lludivv7m.o(.text)
    .text                                    0x08000356   Section      138  rt_memcpy_v6.o(.text)
    .text                                    0x080003e0   Section      100  rt_memcpy_w.o(.text)
    .text                                    0x08000444   Section       78  rt_memclr_w.o(.text)
    .text                                    0x08000492   Section        0  heapauxi.o(.text)
    .text                                    0x08000498   Section       74  sys_stackheap_outer.o(.text)
    .text                                    0x080004e2   Section        0  exit.o(.text)
    .text                                    0x080004f4   Section        8  libspace.o(.text)
    .text                                    0x080004fc   Section        0  sys_exit.o(.text)
    .text                                    0x08000508   Section        2  use_no_semi.o(.text)
    .text                                    0x0800050a   Section        0  indicate_semi.o(.text)
    i.BusFault_Handler                       0x0800050a   Section        0  stm32f3xx_it.o(i.BusFault_Handler)
    i.DMA1_Channel2_IRQHandler               0x0800050c   Section        0  stm32f3xx_it.o(i.DMA1_Channel2_IRQHandler)
    i.DMA1_Channel3_IRQHandler               0x08000518   Section        0  stm32f3xx_it.o(i.DMA1_Channel3_IRQHandler)
    i.DMA1_Channel4_IRQHandler               0x08000524   Section        0  stm32f3xx_it.o(i.DMA1_Channel4_IRQHandler)
    i.DMA1_Channel5_IRQHandler               0x08000530   Section        0  stm32f3xx_it.o(i.DMA1_Channel5_IRQHandler)
    i.DMA1_Channel6_IRQHandler               0x0800053c   Section        0  stm32f3xx_it.o(i.DMA1_Channel6_IRQHandler)
    i.DMA1_Channel7_IRQHandler               0x08000548   Section        0  stm32f3xx_it.o(i.DMA1_Channel7_IRQHandler)
    i.DMA_CalcBaseAndBitshift                0x08000554   Section        0  stm32f3xx_hal_dma.o(i.DMA_CalcBaseAndBitshift)
    DMA_CalcBaseAndBitshift                  0x08000555   Thumb Code    48  stm32f3xx_hal_dma.o(i.DMA_CalcBaseAndBitshift)
    i.DMA_SetConfig                          0x08000590   Section        0  stm32f3xx_hal_dma.o(i.DMA_SetConfig)
    DMA_SetConfig                            0x08000591   Thumb Code    42  stm32f3xx_hal_dma.o(i.DMA_SetConfig)
    i.DebugMon_Handler                       0x080005ba   Section        0  stm32f3xx_it.o(i.DebugMon_Handler)
    i.Error_Handler                          0x080005bc   Section        0  main.o(i.Error_Handler)
    i.HAL_DMA_Abort_IT                       0x080005c0   Section        0  stm32f3xx_hal_dma.o(i.HAL_DMA_Abort_IT)
    i.HAL_DMA_IRQHandler                     0x0800060a   Section        0  stm32f3xx_hal_dma.o(i.HAL_DMA_IRQHandler)
    i.HAL_DMA_Init                           0x080006b2   Section        0  stm32f3xx_hal_dma.o(i.HAL_DMA_Init)
    i.HAL_DMA_Start_IT                       0x08000700   Section        0  stm32f3xx_hal_dma.o(i.HAL_DMA_Start_IT)
    i.HAL_GPIO_Init                          0x08000770   Section        0  stm32f3xx_hal_gpio.o(i.HAL_GPIO_Init)
    i.HAL_GPIO_TogglePin                     0x080008f8   Section        0  stm32f3xx_hal_gpio.o(i.HAL_GPIO_TogglePin)
    i.HAL_GPIO_WritePin                      0x08000904   Section        0  stm32f3xx_hal_gpio.o(i.HAL_GPIO_WritePin)
    i.HAL_GetTick                            0x08000910   Section        0  stm32f3xx_hal.o(i.HAL_GetTick)
    i.HAL_IncTick                            0x0800091c   Section        0  stm32f3xx_hal.o(i.HAL_IncTick)
    i.HAL_Init                               0x0800092c   Section        0  stm32f3xx_hal.o(i.HAL_Init)
    i.HAL_InitTick                           0x08000950   Section        0  stm32f3xx_hal.o(i.HAL_InitTick)
    i.HAL_MspInit                            0x08000990   Section        0  stm32f3xx_hal_msp.o(i.HAL_MspInit)
    i.HAL_NVIC_EnableIRQ                     0x080009cc   Section        0  stm32f3xx_hal_cortex.o(i.HAL_NVIC_EnableIRQ)
    i.HAL_NVIC_SetPriority                   0x080009e8   Section        0  stm32f3xx_hal_cortex.o(i.HAL_NVIC_SetPriority)
    i.HAL_NVIC_SetPriorityGrouping           0x08000a28   Section        0  stm32f3xx_hal_cortex.o(i.HAL_NVIC_SetPriorityGrouping)
    i.HAL_RCCEx_PeriphCLKConfig              0x08000a4c   Section        0  stm32f3xx_hal_rcc_ex.o(i.HAL_RCCEx_PeriphCLKConfig)
    i.HAL_RCC_ClockConfig                    0x08000c40   Section        0  stm32f3xx_hal_rcc.o(i.HAL_RCC_ClockConfig)
    i.HAL_RCC_GetPCLK1Freq                   0x08000d88   Section        0  stm32f3xx_hal_rcc.o(i.HAL_RCC_GetPCLK1Freq)
    i.HAL_RCC_GetPCLK2Freq                   0x08000db8   Section        0  stm32f3xx_hal_rcc.o(i.HAL_RCC_GetPCLK2Freq)
    i.HAL_RCC_GetSysClockFreq                0x08000de8   Section        0  stm32f3xx_hal_rcc.o(i.HAL_RCC_GetSysClockFreq)
    i.HAL_RCC_OscConfig                      0x08000e54   Section        0  stm32f3xx_hal_rcc.o(i.HAL_RCC_OscConfig)
    i.HAL_SPI_ErrorCallback                  0x0800141c   Section        0  stm32f3xx_hal_spi.o(i.HAL_SPI_ErrorCallback)
    i.HAL_SPI_IRQHandler                     0x08001420   Section        0  stm32f3xx_hal_spi.o(i.HAL_SPI_IRQHandler)
    i.HAL_SPI_Init                           0x0800151c   Section        0  stm32f3xx_hal_spi.o(i.HAL_SPI_Init)
    i.HAL_SPI_MspInit                        0x080015d4   Section        0  spi.o(i.HAL_SPI_MspInit)
    i.HAL_SPI_Transmit                       0x0800169c   Section        0  stm32f3xx_hal_spi.o(i.HAL_SPI_Transmit)
    i.HAL_SPI_TransmitReceive                0x0800181a   Section        0  stm32f3xx_hal_spi.o(i.HAL_SPI_TransmitReceive)
    i.HAL_SYSTICK_Config                     0x08001a7c   Section        0  stm32f3xx_hal_cortex.o(i.HAL_SYSTICK_Config)
    i.HAL_UARTEx_WakeupCallback              0x08001aa4   Section        0  stm32f3xx_hal_uart_ex.o(i.HAL_UARTEx_WakeupCallback)
    i.HAL_UART_ErrorCallback                 0x08001aa6   Section        0  stm32f3xx_hal_uart.o(i.HAL_UART_ErrorCallback)
    i.HAL_UART_IRQHandler                    0x08001aa8   Section        0  stm32f3xx_hal_uart.o(i.HAL_UART_IRQHandler)
    i.HAL_UART_Init                          0x08001c08   Section        0  stm32f3xx_hal_uart.o(i.HAL_UART_Init)
    i.HAL_UART_MspInit                       0x08001c70   Section        0  usart.o(i.HAL_UART_MspInit)
    i.HAL_UART_Receive_IT                    0x08001dfc   Section        0  stm32f3xx_hal_uart.o(i.HAL_UART_Receive_IT)
    i.HAL_UART_RxCpltCallback                0x08001e98   Section        0  usartuser.o(i.HAL_UART_RxCpltCallback)
    i.HAL_UART_Transmit_DMA                  0x08002858   Section        0  stm32f3xx_hal_uart.o(i.HAL_UART_Transmit_DMA)
    i.HAL_UART_TxCpltCallback                0x080028e8   Section        0  usartuser.o(i.HAL_UART_TxCpltCallback)
    i.HAL_UART_TxHalfCpltCallback            0x08002a34   Section        0  stm32f3xx_hal_uart.o(i.HAL_UART_TxHalfCpltCallback)
    i.HardFault_Handler                      0x08002a36   Section        0  stm32f3xx_it.o(i.HardFault_Handler)
    i.MX_DMA_Init                            0x08002a38   Section        0  dma.o(i.MX_DMA_Init)
    i.MX_GPIO_Init                           0x08002ab4   Section        0  gpio.o(i.MX_GPIO_Init)
    i.MX_SPI1_Init                           0x08002b4c   Section        0  spi.o(i.MX_SPI1_Init)
    i.MX_USART1_UART_Init                    0x08002b9c   Section        0  usart.o(i.MX_USART1_UART_Init)
    i.MX_USART2_UART_Init                    0x08002bd8   Section        0  usart.o(i.MX_USART2_UART_Init)
    i.MemManage_Handler                      0x08002c14   Section        0  stm32f3xx_it.o(i.MemManage_Handler)
    i.NMI_Handler                            0x08002c16   Section        0  stm32f3xx_it.o(i.NMI_Handler)
    i.PendSV_Handler                         0x08002c18   Section        0  stm32f3xx_it.o(i.PendSV_Handler)
    i.RCC_IRQHandler                         0x08002c1a   Section        0  stm32f3xx_it.o(i.RCC_IRQHandler)
    i.ReadSR                                 0x08002c1c   Section        0  spiuser.o(i.ReadSR)
    i.SPI1_IRQHandler                        0x08002c48   Section        0  stm32f3xx_it.o(i.SPI1_IRQHandler)
    i.SPI_DMAAbortOnError                    0x08002c54   Section        0  stm32f3xx_hal_spi.o(i.SPI_DMAAbortOnError)
    SPI_DMAAbortOnError                      0x08002c55   Thumb Code    18  stm32f3xx_hal_spi.o(i.SPI_DMAAbortOnError)
    i.SPI_EndRxTxTransaction                 0x08002c66   Section        0  stm32f3xx_hal_spi.o(i.SPI_EndRxTxTransaction)
    SPI_EndRxTxTransaction                   0x08002c67   Thumb Code    72  stm32f3xx_hal_spi.o(i.SPI_EndRxTxTransaction)
    i.SPI_Rate_changer                       0x08002cb0   Section        0  spiuser.o(i.SPI_Rate_changer)
    i.SPI_Read_Flash                         0x08002cc0   Section        0  spiuser.o(i.SPI_Read_Flash)
    i.SPI_Read_zeros_ones                    0x08002d0c   Section        0  spiuser.o(i.SPI_Read_zeros_ones)
    i.SPI_WRSR                               0x08002d5c   Section        0  spiuser.o(i.SPI_WRSR)
    i.SPI_WaitFifoStateUntilTimeout          0x08002d7c   Section        0  stm32f3xx_hal_spi.o(i.SPI_WaitFifoStateUntilTimeout)
    SPI_WaitFifoStateUntilTimeout            0x08002d7d   Thumb Code   150  stm32f3xx_hal_spi.o(i.SPI_WaitFifoStateUntilTimeout)
    i.SPI_WaitFlagStateUntilTimeout          0x08002e12   Section        0  stm32f3xx_hal_spi.o(i.SPI_WaitFlagStateUntilTimeout)
    SPI_WaitFlagStateUntilTimeout            0x08002e13   Thumb Code   148  stm32f3xx_hal_spi.o(i.SPI_WaitFlagStateUntilTimeout)
    i.SPI_Write_Flash                        0x08002ea8   Section        0  spiuser.o(i.SPI_Write_Flash)
    i.SPI_Write_zeros_ones                   0x08002f38   Section        0  spiuser.o(i.SPI_Write_zeros_ones)
    i.SVC_Handler                            0x08002fd0   Section        0  stm32f3xx_it.o(i.SVC_Handler)
    i.SysTick_Handler                        0x08002fd4   Section        0  stm32f3xx_it.o(i.SysTick_Handler)
    i.SystemClock_Config                     0x08002ff0   Section        0  main.o(i.SystemClock_Config)
    i.SystemInit                             0x0800306c   Section        0  system_stm32f3xx.o(i.SystemInit)
    i.UART_AdvFeatureConfig                  0x08003088   Section        0  stm32f3xx_hal_uart.o(i.UART_AdvFeatureConfig)
    i.UART_CheckIdleState                    0x08003150   Section        0  stm32f3xx_hal_uart.o(i.UART_CheckIdleState)
    i.UART_DMAAbortOnError                   0x080031a8   Section        0  stm32f3xx_hal_uart.o(i.UART_DMAAbortOnError)
    UART_DMAAbortOnError                     0x080031a9   Thumb Code    20  stm32f3xx_hal_uart.o(i.UART_DMAAbortOnError)
    i.UART_DMAError                          0x080031bc   Section        0  stm32f3xx_hal_uart.o(i.UART_DMAError)
    UART_DMAError                            0x080031bd   Thumb Code    72  stm32f3xx_hal_uart.o(i.UART_DMAError)
    i.UART_DMATransmitCplt                   0x08003204   Section        0  stm32f3xx_hal_uart.o(i.UART_DMATransmitCplt)
    UART_DMATransmitCplt                     0x08003205   Thumb Code    46  stm32f3xx_hal_uart.o(i.UART_DMATransmitCplt)
    i.UART_DMATxHalfCplt                     0x08003232   Section        0  stm32f3xx_hal_uart.o(i.UART_DMATxHalfCplt)
    UART_DMATxHalfCplt                       0x08003233   Thumb Code    10  stm32f3xx_hal_uart.o(i.UART_DMATxHalfCplt)
    i.UART_EndRxTransfer                     0x0800323c   Section        0  stm32f3xx_hal_uart.o(i.UART_EndRxTransfer)
    UART_EndRxTransfer                       0x0800323d   Thumb Code    30  stm32f3xx_hal_uart.o(i.UART_EndRxTransfer)
    i.UART_EndTxTransfer                     0x0800325a   Section        0  stm32f3xx_hal_uart.o(i.UART_EndTxTransfer)
    UART_EndTxTransfer                       0x0800325b   Thumb Code    16  stm32f3xx_hal_uart.o(i.UART_EndTxTransfer)
    i.UART_RxISR_16BIT                       0x0800326a   Section        0  stm32f3xx_hal_uart.o(i.UART_RxISR_16BIT)
    UART_RxISR_16BIT                         0x0800326b   Thumb Code    90  stm32f3xx_hal_uart.o(i.UART_RxISR_16BIT)
    i.UART_RxISR_8BIT                        0x080032c4   Section        0  stm32f3xx_hal_uart.o(i.UART_RxISR_8BIT)
    UART_RxISR_8BIT                          0x080032c5   Thumb Code    90  stm32f3xx_hal_uart.o(i.UART_RxISR_8BIT)
    i.UART_SetConfig                         0x08003320   Section        0  stm32f3xx_hal_uart.o(i.UART_SetConfig)
    i.UART_WaitOnFlagUntilTimeout            0x08003508   Section        0  stm32f3xx_hal_uart.o(i.UART_WaitOnFlagUntilTimeout)
    i.USART1_IRQHandler                      0x080035ac   Section        0  stm32f3xx_it.o(i.USART1_IRQHandler)
    i.USART2_IRQHandler                      0x080035b8   Section        0  stm32f3xx_it.o(i.USART2_IRQHandler)
    i.UsageFault_Handler                     0x080035c4   Section        0  stm32f3xx_it.o(i.UsageFault_Handler)
    i.__NVIC_SetPriority                     0x080035c6   Section        0  stm32f3xx_hal_cortex.o(i.__NVIC_SetPriority)
    __NVIC_SetPriority                       0x080035c7   Thumb Code    32  stm32f3xx_hal_cortex.o(i.__NVIC_SetPriority)
    i.acsii_translate_behind                 0x080035e6   Section        0  board.o(i.acsii_translate_behind)
    i.acsii_translate_front                  0x080035f6   Section        0  board.o(i.acsii_translate_front)
    i.all_in_transmit                        0x08003604   Section        0  board.o(i.all_in_transmit)
    i.arrayCopy                              0x080036b8   Section        0  usartuser.o(i.arrayCopy)
    i.board_Init                             0x080036cc   Section        0  board.o(i.board_Init)
    i.board_quick                            0x080036dc   Section        0  board.o(i.board_quick)
    i.board_slow                             0x080036f0   Section        0  board.o(i.board_slow)
    i.board_ticks_handle                     0x08003710   Section        0  board.o(i.board_ticks_handle)
    i.check_clc                              0x080037e0   Section        0  board.o(i.check_clc)
    i.check_data_1                           0x080037f8   Section        0  board.o(i.check_data_1)
    i.clc_array                              0x08003874   Section        0  board.o(i.clc_array)
    i.clc_screen                             0x0800389c   Section        0  board.o(i.clc_screen)
    i.cut_off_test_by_screan_ones            0x080038e8   Section        0  board.o(i.cut_off_test_by_screan_ones)
    i.cut_off_test_by_screan_zeros           0x08003a64   Section        0  board.o(i.cut_off_test_by_screan_zeros)
    i.cut_off_zeros_ones                     0x08003bd8   Section        0  board.o(i.cut_off_zeros_ones)
    i.disable_SPI                            0x08003efc   Section        0  spiuser.o(i.disable_SPI)
    i.enable_SPI                             0x08003f08   Section        0  spiuser.o(i.enable_SPI)
    i.get_ascii_from_int                     0x08003f14   Section        0  board.o(i.get_ascii_from_int)
    i.get_int_size                           0x08003f3c   Section        0  board.o(i.get_int_size)
    i.main                                   0x08003f58   Section        0  main.o(i.main)
    i.ones_to_trans                          0x08003f90   Section        0  board.o(i.ones_to_trans)
    i.ones_to_trans_tired                    0x080041b4   Section        0  board.o(i.ones_to_trans_tired)
    i.receive_String_Handle                  0x08004298   Section        0  board.o(i.receive_String_Handle)
    i.receive_String_Handle_devided          0x08004398   Section        0  board.o(i.receive_String_Handle_devided)
    i.receive_forward                        0x08004408   Section        0  board.o(i.receive_forward)
    i.receive_to_check_with_addr             0x080045a4   Section        0  board.o(i.receive_to_check_with_addr)
    i.screen_trans                           0x08004634   Section        0  usartuser.o(i.screen_trans)
    i.spiuser_Init                           0x080047cc   Section        0  spiuser.o(i.spiuser_Init)
    i.to_change_spi                          0x08004818   Section        0  board.o(i.to_change_spi)
    i.to_check_flag                          0x080048c4   Section        0  board.o(i.to_check_flag)
    i.to_get_data_devided                    0x080048f8   Section        0  board.o(i.to_get_data_devided)
    i.to_read_spi                            0x08004984   Section        0  board.o(i.to_read_spi)
    i.to_tired_test                          0x080049b0   Section        0  board.o(i.to_tired_test)
    i.to_tired_test_zeros_ones               0x08004a9c   Section        0  board.o(i.to_tired_test_zeros_ones)
    i.trans_to_check_with_addr               0x08004b78   Section        0  board.o(i.trans_to_check_with_addr)
    i.usartuser_Init                         0x08004bc8   Section        0  usartuser.o(i.usartuser_Init)
    i.zeros_ones_trans_report                0x08004d24   Section        0  board.o(i.zeros_ones_trans_report)
    i.zeros_to_trans                         0x08004f9c   Section        0  board.o(i.zeros_to_trans)
    i.zeros_to_trans_tired                   0x080051bc   Section        0  board.o(i.zeros_to_trans_tired)
    x$fpl$fpinit                             0x08005290   Section       10  fpinit.o(x$fpl$fpinit)
    $v0                                      0x08005290   Number         0  fpinit.o(x$fpl$fpinit)
    .constdata                               0x0800529a   Section       32  stm32f3xx_hal_rcc.o(.constdata)
    .constdata                               0x080052ba   Section       16  system_stm32f3xx.o(.constdata)
    .constdata                               0x080052ca   Section        8  system_stm32f3xx.o(.constdata)
    .data                                    0x20000000   Section        7  usartuser.o(.data)
    .data                                    0x20000008   Section       12  stm32f3xx_hal.o(.data)
    .data                                    0x20000014   Section        4  system_stm32f3xx.o(.data)
    .bss                                     0x20000018   Section       12  board.o(.bss)
    .bss                                     0x20000028   Section    16528  usartuser.o(.bss)
    .bss                                     0x200040b8   Section     2480  spiuser.o(.bss)
    .bss                                     0x20004a68   Section      236  spi.o(.bss)
    .bss                                     0x20004b54   Section      528  usart.o(.bss)
    .bss                                     0x20004d64   Section       96  libspace.o(.bss)
    HEAP                                     0x20004dc8   Section      512  startup_stm32f302xc.o(HEAP)
    Heap_Mem                                 0x20004dc8   Data         512  startup_stm32f302xc.o(HEAP)
    STACK                                    0x20004fc8   Section     1024  startup_stm32f302xc.o(STACK)
    Stack_Mem                                0x20004fc8   Data        1024  startup_stm32f302xc.o(STACK)
    __initial_sp                             0x200053c8   Data           0  startup_stm32f302xc.o(STACK)

    Global Symbols

    Symbol Name                              Value     Ov Type        Size  Object(Section)

    BuildAttributes$$THM_ISAv4$E$P$D$K$B$S$7EM$VFPi3$EXTD16$VFPS$VFMA$PE$A:L22UL41UL21$X:L11$S22US41US21$IEEE1$IW$USESV6$~STKCKD$USESV7$~SHL$OSPACE$ROPI$EBA8$UX$STANDARDLIB$REQ8$PRES8$EABIv2 0x00000000   Number         0  anon$$obj.o ABSOLUTE
    __ARM_use_no_argv                        0x00000000   Number         0  main.o ABSOLUTE
    __ARM_exceptions_init                     - Undefined Weak Reference
    __alloca_initialize                       - Undefined Weak Reference
    __arm_fini_                               - Undefined Weak Reference
    __arm_preinit_                            - Undefined Weak Reference
    __cpp_initialize__aeabi_                  - Undefined Weak Reference
    __cxa_finalize                            - Undefined Weak Reference
    __rt_locale                               - Undefined Weak Reference
    __sigvec_lookup                           - Undefined Weak Reference
    _atexit_init                              - Undefined Weak Reference
    _call_atexit_fns                          - Undefined Weak Reference
    _clock_init                               - Undefined Weak Reference
    _fp_trap_init                             - Undefined Weak Reference
    _fp_trap_shutdown                         - Undefined Weak Reference
    _get_lc_collate                           - Undefined Weak Reference
    _get_lc_ctype                             - Undefined Weak Reference
    _get_lc_monetary                          - Undefined Weak Reference
    _get_lc_numeric                           - Undefined Weak Reference
    _get_lc_time                              - Undefined Weak Reference
    _getenv_init                              - Undefined Weak Reference
    _handle_redirection                       - Undefined Weak Reference
    _init_alloc                               - Undefined Weak Reference
    _init_user_alloc                          - Undefined Weak Reference
    _initio                                   - Undefined Weak Reference
    _rand_init                                - Undefined Weak Reference
    _signal_finish                            - Undefined Weak Reference
    _signal_init                              - Undefined Weak Reference
    _terminate_alloc                          - Undefined Weak Reference
    _terminate_user_alloc                     - Undefined Weak Reference
    _terminateio                              - Undefined Weak Reference
    __Vectors_Size                           0x00000188   Number         0  startup_stm32f302xc.o ABSOLUTE
    __Vectors                                0x08000000   Data           4  startup_stm32f302xc.o(RESET)
    __Vectors_End                            0x08000188   Data           0  startup_stm32f302xc.o(RESET)
    __main                                   0x08000189   Thumb Code     8  __main.o(!!!main)
    __scatterload                            0x08000191   Thumb Code     0  __scatter.o(!!!scatter)
    __scatterload_rt2                        0x08000191   Thumb Code    44  __scatter.o(!!!scatter)
    __scatterload_rt2_thumb_only             0x08000191   Thumb Code     0  __scatter.o(!!!scatter)
    __scatterload_null                       0x0800019f   Thumb Code     0  __scatter.o(!!!scatter)
    __scatterload_copy                       0x080001c5   Thumb Code    26  __scatter_copy.o(!!handler_copy)
    __scatterload_zeroinit                   0x080001e1   Thumb Code    28  __scatter_zi.o(!!handler_zi)
    __rt_lib_init                            0x080001fd   Thumb Code     0  libinit.o(.ARM.Collect$$libinit$$00000000)
    __rt_lib_init_fp_1                       0x080001ff   Thumb Code     0  libinit2.o(.ARM.Collect$$libinit$$00000001)
    __rt_lib_init_alloca_1                   0x08000203   Thumb Code     0  libinit2.o(.ARM.Collect$$libinit$$0000002E)
    __rt_lib_init_argv_1                     0x08000203   Thumb Code     0  libinit2.o(.ARM.Collect$$libinit$$0000002C)
    __rt_lib_init_atexit_1                   0x08000203   Thumb Code     0  libinit2.o(.ARM.Collect$$libinit$$0000001B)
    __rt_lib_init_clock_1                    0x08000203   Thumb Code     0  libinit2.o(.ARM.Collect$$libinit$$00000021)
    __rt_lib_init_cpp_1                      0x08000203   Thumb Code     0  libinit2.o(.ARM.Collect$$libinit$$00000032)
    __rt_lib_init_exceptions_1               0x08000203   Thumb Code     0  libinit2.o(.ARM.Collect$$libinit$$00000030)
    __rt_lib_init_fp_trap_1                  0x08000203   Thumb Code     0  libinit2.o(.ARM.Collect$$libinit$$0000001F)
    __rt_lib_init_getenv_1                   0x08000203   Thumb Code     0  libinit2.o(.ARM.Collect$$libinit$$00000023)
    __rt_lib_init_heap_1                     0x08000203   Thumb Code     0  libinit2.o(.ARM.Collect$$libinit$$0000000A)
    __rt_lib_init_lc_collate_1               0x08000203   Thumb Code     0  libinit2.o(.ARM.Collect$$libinit$$00000011)
    __rt_lib_init_lc_ctype_1                 0x08000203   Thumb Code     0  libinit2.o(.ARM.Collect$$libinit$$00000013)
    __rt_lib_init_lc_monetary_1              0x08000203   Thumb Code     0  libinit2.o(.ARM.Collect$$libinit$$00000015)
    __rt_lib_init_lc_numeric_1               0x08000203   Thumb Code     0  libinit2.o(.ARM.Collect$$libinit$$00000017)
    __rt_lib_init_lc_time_1                  0x08000203   Thumb Code     0  libinit2.o(.ARM.Collect$$libinit$$00000019)
    __rt_lib_init_preinit_1                  0x08000203   Thumb Code     0  libinit2.o(.ARM.Collect$$libinit$$00000004)
    __rt_lib_init_rand_1                     0x08000203   Thumb Code     0  libinit2.o(.ARM.Collect$$libinit$$0000000E)
    __rt_lib_init_return                     0x08000203   Thumb Code     0  libinit2.o(.ARM.Collect$$libinit$$00000033)
    __rt_lib_init_signal_1                   0x08000203   Thumb Code     0  libinit2.o(.ARM.Collect$$libinit$$0000001D)
    __rt_lib_init_stdio_1                    0x08000203   Thumb Code     0  libinit2.o(.ARM.Collect$$libinit$$00000025)
    __rt_lib_init_user_alloc_1               0x08000203   Thumb Code     0  libinit2.o(.ARM.Collect$$libinit$$0000000C)
    __rt_lib_shutdown                        0x08000205   Thumb Code     0  libshutdown.o(.ARM.Collect$$libshutdown$$00000000)
    __rt_lib_shutdown_cpp_1                  0x08000207   Thumb Code     0  libshutdown2.o(.ARM.Collect$$libshutdown$$00000004)
    __rt_lib_shutdown_fini_1                 0x08000207   Thumb Code     0  libshutdown2.o(.ARM.Collect$$libshutdown$$00000002)
    __rt_lib_shutdown_fp_trap_1              0x08000207   Thumb Code     0  libshutdown2.o(.ARM.Collect$$libshutdown$$00000009)
    __rt_lib_shutdown_heap_1                 0x08000207   Thumb Code     0  libshutdown2.o(.ARM.Collect$$libshutdown$$00000011)
    __rt_lib_shutdown_return                 0x08000207   Thumb Code     0  libshutdown2.o(.ARM.Collect$$libshutdown$$00000012)
    __rt_lib_shutdown_signal_1               0x08000207   Thumb Code     0  libshutdown2.o(.ARM.Collect$$libshutdown$$0000000C)
    __rt_lib_shutdown_stdio_1                0x08000207   Thumb Code     0  libshutdown2.o(.ARM.Collect$$libshutdown$$00000006)
    __rt_lib_shutdown_user_alloc_1           0x08000207   Thumb Code     0  libshutdown2.o(.ARM.Collect$$libshutdown$$0000000E)
    __rt_entry                               0x08000209   Thumb Code     0  __rtentry.o(.ARM.Collect$$rtentry$$00000000)
    __rt_entry_presh_1                       0x08000209   Thumb Code     0  __rtentry2.o(.ARM.Collect$$rtentry$$00000002)
    __rt_entry_sh                            0x08000209   Thumb Code     0  __rtentry4.o(.ARM.Collect$$rtentry$$00000004)
    __rt_entry_li                            0x0800020f   Thumb Code     0  __rtentry2.o(.ARM.Collect$$rtentry$$0000000A)
    __rt_entry_postsh_1                      0x0800020f   Thumb Code     0  __rtentry2.o(.ARM.Collect$$rtentry$$00000009)
    __rt_entry_main                          0x08000213   Thumb Code     0  __rtentry2.o(.ARM.Collect$$rtentry$$0000000D)
    __rt_entry_postli_1                      0x08000213   Thumb Code     0  __rtentry2.o(.ARM.Collect$$rtentry$$0000000C)
    __rt_exit                                0x0800021b   Thumb Code     0  rtexit.o(.ARM.Collect$$rtexit$$00000000)
    __rt_exit_ls                             0x0800021d   Thumb Code     0  rtexit2.o(.ARM.Collect$$rtexit$$00000003)
    __rt_exit_prels_1                        0x0800021d   Thumb Code     0  rtexit2.o(.ARM.Collect$$rtexit$$00000002)
    __rt_exit_exit                           0x08000221   Thumb Code     0  rtexit2.o(.ARM.Collect$$rtexit$$00000004)
    Reset_Handler                            0x08000229   Thumb Code     8  startup_stm32f302xc.o(.text)
    ADC1_2_IRQHandler                        0x08000243   Thumb Code     0  startup_stm32f302xc.o(.text)
    CAN_RX1_IRQHandler                       0x08000243   Thumb Code     0  startup_stm32f302xc.o(.text)
    CAN_SCE_IRQHandler                       0x08000243   Thumb Code     0  startup_stm32f302xc.o(.text)
    COMP1_2_IRQHandler                       0x08000243   Thumb Code     0  startup_stm32f302xc.o(.text)
    COMP4_6_IRQHandler                       0x08000243   Thumb Code     0  startup_stm32f302xc.o(.text)
    DMA1_Channel1_IRQHandler                 0x08000243   Thumb Code     0  startup_stm32f302xc.o(.text)
    DMA2_Channel1_IRQHandler                 0x08000243   Thumb Code     0  startup_stm32f302xc.o(.text)
    DMA2_Channel2_IRQHandler                 0x08000243   Thumb Code     0  startup_stm32f302xc.o(.text)
    DMA2_Channel3_IRQHandler                 0x08000243   Thumb Code     0  startup_stm32f302xc.o(.text)
    DMA2_Channel4_IRQHandler                 0x08000243   Thumb Code     0  startup_stm32f302xc.o(.text)
    DMA2_Channel5_IRQHandler                 0x08000243   Thumb Code     0  startup_stm32f302xc.o(.text)
    EXTI0_IRQHandler                         0x08000243   Thumb Code     0  startup_stm32f302xc.o(.text)
    EXTI15_10_IRQHandler                     0x08000243   Thumb Code     0  startup_stm32f302xc.o(.text)
    EXTI1_IRQHandler                         0x08000243   Thumb Code     0  startup_stm32f302xc.o(.text)
    EXTI2_TSC_IRQHandler                     0x08000243   Thumb Code     0  startup_stm32f302xc.o(.text)
    EXTI3_IRQHandler                         0x08000243   Thumb Code     0  startup_stm32f302xc.o(.text)
    EXTI4_IRQHandler                         0x08000243   Thumb Code     0  startup_stm32f302xc.o(.text)
    EXTI9_5_IRQHandler                       0x08000243   Thumb Code     0  startup_stm32f302xc.o(.text)
    FLASH_IRQHandler                         0x08000243   Thumb Code     0  startup_stm32f302xc.o(.text)
    FPU_IRQHandler                           0x08000243   Thumb Code     0  startup_stm32f302xc.o(.text)
    I2C1_ER_IRQHandler                       0x08000243   Thumb Code     0  startup_stm32f302xc.o(.text)
    I2C1_EV_IRQHandler                       0x08000243   Thumb Code     0  startup_stm32f302xc.o(.text)
    I2C2_ER_IRQHandler                       0x08000243   Thumb Code     0  startup_stm32f302xc.o(.text)
    I2C2_EV_IRQHandler                       0x08000243   Thumb Code     0  startup_stm32f302xc.o(.text)
    PVD_IRQHandler                           0x08000243   Thumb Code     0  startup_stm32f302xc.o(.text)
    RTC_Alarm_IRQHandler                     0x08000243   Thumb Code     0  startup_stm32f302xc.o(.text)
    RTC_WKUP_IRQHandler                      0x08000243   Thumb Code     0  startup_stm32f302xc.o(.text)
    SPI2_IRQHandler                          0x08000243   Thumb Code     0  startup_stm32f302xc.o(.text)
    SPI3_IRQHandler                          0x08000243   Thumb Code     0  startup_stm32f302xc.o(.text)
    TAMP_STAMP_IRQHandler                    0x08000243   Thumb Code     0  startup_stm32f302xc.o(.text)
    TIM1_BRK_TIM15_IRQHandler                0x08000243   Thumb Code     0  startup_stm32f302xc.o(.text)
    TIM1_CC_IRQHandler                       0x08000243   Thumb Code     0  startup_stm32f302xc.o(.text)
    TIM1_TRG_COM_TIM17_IRQHandler            0x08000243   Thumb Code     0  startup_stm32f302xc.o(.text)
    TIM1_UP_TIM16_IRQHandler                 0x08000243   Thumb Code     0  startup_stm32f302xc.o(.text)
    TIM2_IRQHandler                          0x08000243   Thumb Code     0  startup_stm32f302xc.o(.text)
    TIM3_IRQHandler                          0x08000243   Thumb Code     0  startup_stm32f302xc.o(.text)
    TIM4_IRQHandler                          0x08000243   Thumb Code     0  startup_stm32f302xc.o(.text)
    TIM6_DAC_IRQHandler                      0x08000243   Thumb Code     0  startup_stm32f302xc.o(.text)
    UART4_IRQHandler                         0x08000243   Thumb Code     0  startup_stm32f302xc.o(.text)
    UART5_IRQHandler                         0x08000243   Thumb Code     0  startup_stm32f302xc.o(.text)
    USART3_IRQHandler                        0x08000243   Thumb Code     0  startup_stm32f302xc.o(.text)
    USBWakeUp_IRQHandler                     0x08000243   Thumb Code     0  startup_stm32f302xc.o(.text)
    USBWakeUp_RMP_IRQHandler                 0x08000243   Thumb Code     0  startup_stm32f302xc.o(.text)
    USB_HP_CAN_TX_IRQHandler                 0x08000243   Thumb Code     0  startup_stm32f302xc.o(.text)
    USB_HP_IRQHandler                        0x08000243   Thumb Code     0  startup_stm32f302xc.o(.text)
    USB_LP_CAN_RX0_IRQHandler                0x08000243   Thumb Code     0  startup_stm32f302xc.o(.text)
    USB_LP_IRQHandler                        0x08000243   Thumb Code     0  startup_stm32f302xc.o(.text)
    WWDG_IRQHandler                          0x08000243   Thumb Code     0  startup_stm32f302xc.o(.text)
    __user_initial_stackheap                 0x08000245   Thumb Code     0  startup_stm32f302xc.o(.text)
    __aeabi_uldivmod                         0x08000269   Thumb Code     0  lludivv7m.o(.text)
    _ll_udiv                                 0x08000269   Thumb Code   238  lludivv7m.o(.text)
    __aeabi_memcpy                           0x08000357   Thumb Code     0  rt_memcpy_v6.o(.text)
    __rt_memcpy                              0x08000357   Thumb Code   138  rt_memcpy_v6.o(.text)
    _memcpy_lastbytes                        0x080003bd   Thumb Code     0  rt_memcpy_v6.o(.text)
    __aeabi_memcpy4                          0x080003e1   Thumb Code     0  rt_memcpy_w.o(.text)
    __aeabi_memcpy8                          0x080003e1   Thumb Code     0  rt_memcpy_w.o(.text)
    __rt_memcpy_w                            0x080003e1   Thumb Code   100  rt_memcpy_w.o(.text)
    _memcpy_lastbytes_aligned                0x08000429   Thumb Code     0  rt_memcpy_w.o(.text)
    __aeabi_memclr4                          0x08000445   Thumb Code     0  rt_memclr_w.o(.text)
    __aeabi_memclr8                          0x08000445   Thumb Code     0  rt_memclr_w.o(.text)
    __rt_memclr_w                            0x08000445   Thumb Code    78  rt_memclr_w.o(.text)
    _memset_w                                0x08000449   Thumb Code     0  rt_memclr_w.o(.text)
    __use_two_region_memory                  0x08000493   Thumb Code     2  heapauxi.o(.text)
    __rt_heap_escrow$2region                 0x08000495   Thumb Code     2  heapauxi.o(.text)
    __rt_heap_expand$2region                 0x08000497   Thumb Code     2  heapauxi.o(.text)
    __user_setup_stackheap                   0x08000499   Thumb Code    74  sys_stackheap_outer.o(.text)
    exit                                     0x080004e3   Thumb Code    18  exit.o(.text)
    __user_libspace                          0x080004f5   Thumb Code     8  libspace.o(.text)
    __user_perproc_libspace                  0x080004f5   Thumb Code     0  libspace.o(.text)
    __user_perthread_libspace                0x080004f5   Thumb Code     0  libspace.o(.text)
    _sys_exit                                0x080004fd   Thumb Code     8  sys_exit.o(.text)
    __I$use$semihosting                      0x08000509   Thumb Code     0  use_no_semi.o(.text)
    __use_no_semihosting_swi                 0x08000509   Thumb Code     2  use_no_semi.o(.text)
    BusFault_Handler                         0x0800050b   Thumb Code     2  stm32f3xx_it.o(i.BusFault_Handler)
    __semihosting_library_function           0x0800050b   Thumb Code     0  indicate_semi.o(.text)
    DMA1_Channel2_IRQHandler                 0x0800050d   Thumb Code     6  stm32f3xx_it.o(i.DMA1_Channel2_IRQHandler)
    DMA1_Channel3_IRQHandler                 0x08000519   Thumb Code     6  stm32f3xx_it.o(i.DMA1_Channel3_IRQHandler)
    DMA1_Channel4_IRQHandler                 0x08000525   Thumb Code     6  stm32f3xx_it.o(i.DMA1_Channel4_IRQHandler)
    DMA1_Channel5_IRQHandler                 0x08000531   Thumb Code     6  stm32f3xx_it.o(i.DMA1_Channel5_IRQHandler)
    DMA1_Channel6_IRQHandler                 0x0800053d   Thumb Code     6  stm32f3xx_it.o(i.DMA1_Channel6_IRQHandler)
    DMA1_Channel7_IRQHandler                 0x08000549   Thumb Code     6  stm32f3xx_it.o(i.DMA1_Channel7_IRQHandler)
    DebugMon_Handler                         0x080005bb   Thumb Code     2  stm32f3xx_it.o(i.DebugMon_Handler)
    Error_Handler                            0x080005bd   Thumb Code     4  main.o(i.Error_Handler)
    HAL_DMA_Abort_IT                         0x080005c1   Thumb Code    74  stm32f3xx_hal_dma.o(i.HAL_DMA_Abort_IT)
    HAL_DMA_IRQHandler                       0x0800060b   Thumb Code   168  stm32f3xx_hal_dma.o(i.HAL_DMA_IRQHandler)
    HAL_DMA_Init                             0x080006b3   Thumb Code    78  stm32f3xx_hal_dma.o(i.HAL_DMA_Init)
    HAL_DMA_Start_IT                         0x08000701   Thumb Code   112  stm32f3xx_hal_dma.o(i.HAL_DMA_Start_IT)
    HAL_GPIO_Init                            0x08000771   Thumb Code   364  stm32f3xx_hal_gpio.o(i.HAL_GPIO_Init)
    HAL_GPIO_TogglePin                       0x080008f9   Thumb Code    12  stm32f3xx_hal_gpio.o(i.HAL_GPIO_TogglePin)
    HAL_GPIO_WritePin                        0x08000905   Thumb Code    10  stm32f3xx_hal_gpio.o(i.HAL_GPIO_WritePin)
    HAL_GetTick                              0x08000911   Thumb Code     6  stm32f3xx_hal.o(i.HAL_GetTick)
    HAL_IncTick                              0x0800091d   Thumb Code    12  stm32f3xx_hal.o(i.HAL_IncTick)
    HAL_Init                                 0x0800092d   Thumb Code    32  stm32f3xx_hal.o(i.HAL_Init)
    HAL_InitTick                             0x08000951   Thumb Code    54  stm32f3xx_hal.o(i.HAL_InitTick)
    HAL_MspInit                              0x08000991   Thumb Code    56  stm32f3xx_hal_msp.o(i.HAL_MspInit)
    HAL_NVIC_EnableIRQ                       0x080009cd   Thumb Code    26  stm32f3xx_hal_cortex.o(i.HAL_NVIC_EnableIRQ)
    HAL_NVIC_SetPriority                     0x080009e9   Thumb Code    60  stm32f3xx_hal_cortex.o(i.HAL_NVIC_SetPriority)
    HAL_NVIC_SetPriorityGrouping             0x08000a29   Thumb Code    26  stm32f3xx_hal_cortex.o(i.HAL_NVIC_SetPriorityGrouping)
    HAL_RCCEx_PeriphCLKConfig                0x08000a4d   Thumb Code   486  stm32f3xx_hal_rcc_ex.o(i.HAL_RCCEx_PeriphCLKConfig)
    HAL_RCC_ClockConfig                      0x08000c41   Thumb Code   308  stm32f3xx_hal_rcc.o(i.HAL_RCC_ClockConfig)
    HAL_RCC_GetPCLK1Freq                     0x08000d89   Thumb Code    34  stm32f3xx_hal_rcc.o(i.HAL_RCC_GetPCLK1Freq)
    HAL_RCC_GetPCLK2Freq                     0x08000db9   Thumb Code    34  stm32f3xx_hal_rcc.o(i.HAL_RCC_GetPCLK2Freq)
    HAL_RCC_GetSysClockFreq                  0x08000de9   Thumb Code    92  stm32f3xx_hal_rcc.o(i.HAL_RCC_GetSysClockFreq)
    HAL_RCC_OscConfig                        0x08000e55   Thumb Code  1480  stm32f3xx_hal_rcc.o(i.HAL_RCC_OscConfig)
    HAL_SPI_ErrorCallback                    0x0800141d   Thumb Code     2  stm32f3xx_hal_spi.o(i.HAL_SPI_ErrorCallback)
    HAL_SPI_IRQHandler                       0x08001421   Thumb Code   246  stm32f3xx_hal_spi.o(i.HAL_SPI_IRQHandler)
    HAL_SPI_Init                             0x0800151d   Thumb Code   182  stm32f3xx_hal_spi.o(i.HAL_SPI_Init)
    HAL_SPI_MspInit                          0x080015d5   Thumb Code   184  spi.o(i.HAL_SPI_MspInit)
    HAL_SPI_Transmit                         0x0800169d   Thumb Code   382  stm32f3xx_hal_spi.o(i.HAL_SPI_Transmit)
    HAL_SPI_TransmitReceive                  0x0800181b   Thumb Code   610  stm32f3xx_hal_spi.o(i.HAL_SPI_TransmitReceive)
    HAL_SYSTICK_Config                       0x08001a7d   Thumb Code    40  stm32f3xx_hal_cortex.o(i.HAL_SYSTICK_Config)
    HAL_UARTEx_WakeupCallback                0x08001aa5   Thumb Code     2  stm32f3xx_hal_uart_ex.o(i.HAL_UARTEx_WakeupCallback)
    HAL_UART_ErrorCallback                   0x08001aa7   Thumb Code     2  stm32f3xx_hal_uart.o(i.HAL_UART_ErrorCallback)
    HAL_UART_IRQHandler                      0x08001aa9   Thumb Code   348  stm32f3xx_hal_uart.o(i.HAL_UART_IRQHandler)
    HAL_UART_Init                            0x08001c09   Thumb Code   102  stm32f3xx_hal_uart.o(i.HAL_UART_Init)
    HAL_UART_MspInit                         0x08001c71   Thumb Code   376  usart.o(i.HAL_UART_MspInit)
    HAL_UART_Receive_IT                      0x08001dfd   Thumb Code   146  stm32f3xx_hal_uart.o(i.HAL_UART_Receive_IT)
    HAL_UART_RxCpltCallback                  0x08001e99   Thumb Code  2474  usartuser.o(i.HAL_UART_RxCpltCallback)
    HAL_UART_Transmit_DMA                    0x08002859   Thumb Code   132  stm32f3xx_hal_uart.o(i.HAL_UART_Transmit_DMA)
    HAL_UART_TxCpltCallback                  0x080028e9   Thumb Code   294  usartuser.o(i.HAL_UART_TxCpltCallback)
    HAL_UART_TxHalfCpltCallback              0x08002a35   Thumb Code     2  stm32f3xx_hal_uart.o(i.HAL_UART_TxHalfCpltCallback)
    HardFault_Handler                        0x08002a37   Thumb Code     2  stm32f3xx_it.o(i.HardFault_Handler)
    MX_DMA_Init                              0x08002a39   Thumb Code   120  dma.o(i.MX_DMA_Init)
    MX_GPIO_Init                             0x08002ab5   Thumb Code   142  gpio.o(i.MX_GPIO_Init)
    MX_SPI1_Init                             0x08002b4d   Thumb Code    72  spi.o(i.MX_SPI1_Init)
    MX_USART1_UART_Init                      0x08002b9d   Thumb Code    52  usart.o(i.MX_USART1_UART_Init)
    MX_USART2_UART_Init                      0x08002bd9   Thumb Code    52  usart.o(i.MX_USART2_UART_Init)
    MemManage_Handler                        0x08002c15   Thumb Code     2  stm32f3xx_it.o(i.MemManage_Handler)
    NMI_Handler                              0x08002c17   Thumb Code     2  stm32f3xx_it.o(i.NMI_Handler)
    PendSV_Handler                           0x08002c19   Thumb Code     2  stm32f3xx_it.o(i.PendSV_Handler)
    RCC_IRQHandler                           0x08002c1b   Thumb Code     2  stm32f3xx_it.o(i.RCC_IRQHandler)
    ReadSR                                   0x08002c1d   Thumb Code    38  spiuser.o(i.ReadSR)
    SPI1_IRQHandler                          0x08002c49   Thumb Code     6  stm32f3xx_it.o(i.SPI1_IRQHandler)
    SPI_Rate_changer                         0x08002cb1   Thumb Code    10  spiuser.o(i.SPI_Rate_changer)
    SPI_Read_Flash                           0x08002cc1   Thumb Code    72  spiuser.o(i.SPI_Read_Flash)
    SPI_Read_zeros_ones                      0x08002d0d   Thumb Code    76  spiuser.o(i.SPI_Read_zeros_ones)
    SPI_WRSR                                 0x08002d5d   Thumb Code    28  spiuser.o(i.SPI_WRSR)
    SPI_Write_Flash                          0x08002ea9   Thumb Code   140  spiuser.o(i.SPI_Write_Flash)
    SPI_Write_zeros_ones                     0x08002f39   Thumb Code   146  spiuser.o(i.SPI_Write_zeros_ones)
    SVC_Handler                              0x08002fd1   Thumb Code     2  stm32f3xx_it.o(i.SVC_Handler)
    SysTick_Handler                          0x08002fd5   Thumb Code    24  stm32f3xx_it.o(i.SysTick_Handler)
    SystemClock_Config                       0x08002ff1   Thumb Code   122  main.o(i.SystemClock_Config)
    SystemInit                               0x0800306d   Thumb Code    22  system_stm32f3xx.o(i.SystemInit)
    UART_AdvFeatureConfig                    0x08003089   Thumb Code   200  stm32f3xx_hal_uart.o(i.UART_AdvFeatureConfig)
    UART_CheckIdleState                      0x08003151   Thumb Code    88  stm32f3xx_hal_uart.o(i.UART_CheckIdleState)
    UART_SetConfig                           0x08003321   Thumb Code   454  stm32f3xx_hal_uart.o(i.UART_SetConfig)
    UART_WaitOnFlagUntilTimeout              0x08003509   Thumb Code   164  stm32f3xx_hal_uart.o(i.UART_WaitOnFlagUntilTimeout)
    USART1_IRQHandler                        0x080035ad   Thumb Code     6  stm32f3xx_it.o(i.USART1_IRQHandler)
    USART2_IRQHandler                        0x080035b9   Thumb Code     6  stm32f3xx_it.o(i.USART2_IRQHandler)
    UsageFault_Handler                       0x080035c5   Thumb Code     2  stm32f3xx_it.o(i.UsageFault_Handler)
    acsii_translate_behind                   0x080035e7   Thumb Code    16  board.o(i.acsii_translate_behind)
    acsii_translate_front                    0x080035f7   Thumb Code    14  board.o(i.acsii_translate_front)
    all_in_transmit                          0x08003605   Thumb Code   168  board.o(i.all_in_transmit)
    arrayCopy                                0x080036b9   Thumb Code    18  usartuser.o(i.arrayCopy)
    board_Init                               0x080036cd   Thumb Code    10  board.o(i.board_Init)
    board_quick                              0x080036dd   Thumb Code    18  board.o(i.board_quick)
    board_slow                               0x080036f1   Thumb Code    24  board.o(i.board_slow)
    board_ticks_handle                       0x08003711   Thumb Code   204  board.o(i.board_ticks_handle)
    check_clc                                0x080037e1   Thumb Code    18  board.o(i.check_clc)
    check_data_1                             0x080037f9   Thumb Code   104  board.o(i.check_data_1)
    clc_array                                0x08003875   Thumb Code    36  board.o(i.clc_array)
    clc_screen                               0x0800389d   Thumb Code    56  board.o(i.clc_screen)
    cut_off_test_by_screan_ones              0x080038e9   Thumb Code   368  board.o(i.cut_off_test_by_screan_ones)
    cut_off_test_by_screan_zeros             0x08003a65   Thumb Code   358  board.o(i.cut_off_test_by_screan_zeros)
    cut_off_zeros_ones                       0x08003bd9   Thumb Code   788  board.o(i.cut_off_zeros_ones)
    disable_SPI                              0x08003efd   Thumb Code    12  spiuser.o(i.disable_SPI)
    enable_SPI                               0x08003f09   Thumb Code    12  spiuser.o(i.enable_SPI)
    get_ascii_from_int                       0x08003f15   Thumb Code    38  board.o(i.get_ascii_from_int)
    get_int_size                             0x08003f3d   Thumb Code    28  board.o(i.get_int_size)
    main                                     0x08003f59   Thumb Code    54  main.o(i.main)
    ones_to_trans                            0x08003f91   Thumb Code   516  board.o(i.ones_to_trans)
    ones_to_trans_tired                      0x080041b5   Thumb Code   216  board.o(i.ones_to_trans_tired)
    receive_String_Handle                    0x08004299   Thumb Code   214  board.o(i.receive_String_Handle)
    receive_String_Handle_devided            0x08004399   Thumb Code    96  board.o(i.receive_String_Handle_devided)
    receive_forward                          0x08004409   Thumb Code   376  board.o(i.receive_forward)
    receive_to_check_with_addr               0x080045a5   Thumb Code   126  board.o(i.receive_to_check_with_addr)
    screen_trans                             0x08004635   Thumb Code   348  usartuser.o(i.screen_trans)
    spiuser_Init                             0x080047cd   Thumb Code    72  spiuser.o(i.spiuser_Init)
    to_change_spi                            0x08004819   Thumb Code   156  board.o(i.to_change_spi)
    to_check_flag                            0x080048c5   Thumb Code    38  board.o(i.to_check_flag)
    to_get_data_devided                      0x080048f9   Thumb Code   126  board.o(i.to_get_data_devided)
    to_read_spi                              0x08004985   Thumb Code    36  board.o(i.to_read_spi)
    to_tired_test                            0x080049b1   Thumb Code   210  board.o(i.to_tired_test)
    to_tired_test_zeros_ones                 0x08004a9d   Thumb Code   206  board.o(i.to_tired_test_zeros_ones)
    trans_to_check_with_addr                 0x08004b79   Thumb Code    64  board.o(i.trans_to_check_with_addr)
    usartuser_Init                           0x08004bc9   Thumb Code   318  usartuser.o(i.usartuser_Init)
    zeros_ones_trans_report                  0x08004d25   Thumb Code   580  board.o(i.zeros_ones_trans_report)
    zeros_to_trans                           0x08004f9d   Thumb Code   512  board.o(i.zeros_to_trans)
    zeros_to_trans_tired                     0x080051bd   Thumb Code   198  board.o(i.zeros_to_trans_tired)
    _fp_init                                 0x08005291   Thumb Code    10  fpinit.o(x$fpl$fpinit)
    __fplib_config_fpu_vfp                   0x08005299   Thumb Code     0  fpinit.o(x$fpl$fpinit)
    __fplib_config_pureend_doubles           0x08005299   Thumb Code     0  fpinit.o(x$fpl$fpinit)
    aPLLMULFactorTable                       0x0800529a   Data          16  stm32f3xx_hal_rcc.o(.constdata)
    aPredivFactorTable                       0x080052aa   Data          16  stm32f3xx_hal_rcc.o(.constdata)
    AHBPrescTable                            0x080052ba   Data          16  system_stm32f3xx.o(.constdata)
    APBPrescTable                            0x080052ca   Data           8  system_stm32f3xx.o(.constdata)
    Region$$Table$$Base                      0x080052d4   Number         0  anon$$obj.o(Region$$Table)
    Region$$Table$$Limit                     0x080052f4   Number         0  anon$$obj.o(Region$$Table)
    screen                                   0x20000000   Data           7  usartuser.o(.data)
    uwTickFreq                               0x20000008   Data           1  stm32f3xx_hal.o(.data)
    uwTickPrio                               0x2000000c   Data           4  stm32f3xx_hal.o(.data)
    uwTick                                   0x20000010   Data           4  stm32f3xx_hal.o(.data)
    SystemCoreClock                          0x20000014   Data           4  system_stm32f3xx.o(.data)
    sys                                      0x20000018   Data          12  board.o(.bss)
    uart1                                    0x20000028   Data        8264  usartuser.o(.bss)
    uart2                                    0x20002070   Data        8264  usartuser.o(.bss)
    spi1                                     0x200040b8   Data        2480  spiuser.o(.bss)
    hspi1                                    0x20004a68   Data         100  spi.o(.bss)
    hdma_spi1_tx                             0x20004acc   Data          68  spi.o(.bss)
    hdma_spi1_rx                             0x20004b10   Data          68  spi.o(.bss)
    huart1                                   0x20004b54   Data         128  usart.o(.bss)
    huart2                                   0x20004bd4   Data         128  usart.o(.bss)
    hdma_usart1_tx                           0x20004c54   Data          68  usart.o(.bss)
    hdma_usart1_rx                           0x20004c98   Data          68  usart.o(.bss)
    hdma_usart2_rx                           0x20004cdc   Data          68  usart.o(.bss)
    hdma_usart2_tx                           0x20004d20   Data          68  usart.o(.bss)
    __libspace_start                         0x20004d64   Data          96  libspace.o(.bss)
    __temporary_stack_top$libspace           0x20004dc4   Data           0  libspace.o(.bss)



==============================================================================

Memory Map of the image

  Image Entry point : 0x08000189

  Load Region LR_IROM1 (Base: 0x08000000, Size: 0x0000530c, Max: 0x00020000, ABSOLUTE)

    Execution Region ER_IROM1 (Exec base: 0x08000000, Load base: 0x08000000, Size: 0x000052f4, Max: 0x00020000, ABSOLUTE)

    Exec Addr    Load Addr    Size         Type   Attr      Idx    E Section Name        Object

    0x08000000   0x08000000   0x00000188   Data   RO            3    RESET               startup_stm32f302xc.o
    0x08000188   0x08000188   0x00000008   Code   RO         3297  * !!!main             c_w.l(__main.o)
    0x08000190   0x08000190   0x00000034   Code   RO         3466    !!!scatter          c_w.l(__scatter.o)
    0x080001c4   0x080001c4   0x0000001a   Code   RO         3468    !!handler_copy      c_w.l(__scatter_copy.o)
    0x080001de   0x080001de   0x00000002   PAD
    0x080001e0   0x080001e0   0x0000001c   Code   RO         3470    !!handler_zi        c_w.l(__scatter_zi.o)
    0x080001fc   0x080001fc   0x00000002   Code   RO         3334    .ARM.Collect$$libinit$$00000000  c_w.l(libinit.o)
    0x080001fe   0x080001fe   0x00000004   Code   RO         3346    .ARM.Collect$$libinit$$00000001  c_w.l(libinit2.o)
    0x08000202   0x08000202   0x00000000   Code   RO         3349    .ARM.Collect$$libinit$$00000004  c_w.l(libinit2.o)
    0x08000202   0x08000202   0x00000000   Code   RO         3352    .ARM.Collect$$libinit$$0000000A  c_w.l(libinit2.o)
    0x08000202   0x08000202   0x00000000   Code   RO         3354    .ARM.Collect$$libinit$$0000000C  c_w.l(libinit2.o)
    0x08000202   0x08000202   0x00000000   Code   RO         3356    .ARM.Collect$$libinit$$0000000E  c_w.l(libinit2.o)
    0x08000202   0x08000202   0x00000000   Code   RO         3359    .ARM.Collect$$libinit$$00000011  c_w.l(libinit2.o)
    0x08000202   0x08000202   0x00000000   Code   RO         3361    .ARM.Collect$$libinit$$00000013  c_w.l(libinit2.o)
    0x08000202   0x08000202   0x00000000   Code   RO         3363    .ARM.Collect$$libinit$$00000015  c_w.l(libinit2.o)
    0x08000202   0x08000202   0x00000000   Code   RO         3365    .ARM.Collect$$libinit$$00000017  c_w.l(libinit2.o)
    0x08000202   0x08000202   0x00000000   Code   RO         3367    .ARM.Collect$$libinit$$00000019  c_w.l(libinit2.o)
    0x08000202   0x08000202   0x00000000   Code   RO         3369    .ARM.Collect$$libinit$$0000001B  c_w.l(libinit2.o)
    0x08000202   0x08000202   0x00000000   Code   RO         3371    .ARM.Collect$$libinit$$0000001D  c_w.l(libinit2.o)
    0x08000202   0x08000202   0x00000000   Code   RO         3373    .ARM.Collect$$libinit$$0000001F  c_w.l(libinit2.o)
    0x08000202   0x08000202   0x00000000   Code   RO         3375    .ARM.Collect$$libinit$$00000021  c_w.l(libinit2.o)
    0x08000202   0x08000202   0x00000000   Code   RO         3377    .ARM.Collect$$libinit$$00000023  c_w.l(libinit2.o)
    0x08000202   0x08000202   0x00000000   Code   RO         3379    .ARM.Collect$$libinit$$00000025  c_w.l(libinit2.o)
    0x08000202   0x08000202   0x00000000   Code   RO         3383    .ARM.Collect$$libinit$$0000002C  c_w.l(libinit2.o)
    0x08000202   0x08000202   0x00000000   Code   RO         3385    .ARM.Collect$$libinit$$0000002E  c_w.l(libinit2.o)
    0x08000202   0x08000202   0x00000000   Code   RO         3387    .ARM.Collect$$libinit$$00000030  c_w.l(libinit2.o)
    0x08000202   0x08000202   0x00000000   Code   RO         3389    .ARM.Collect$$libinit$$00000032  c_w.l(libinit2.o)
    0x08000202   0x08000202   0x00000002   Code   RO         3390    .ARM.Collect$$libinit$$00000033  c_w.l(libinit2.o)
    0x08000204   0x08000204   0x00000002   Code   RO         3421    .ARM.Collect$$libshutdown$$00000000  c_w.l(libshutdown.o)
    0x08000206   0x08000206   0x00000000   Code   RO         3447    .ARM.Collect$$libshutdown$$00000002  c_w.l(libshutdown2.o)
    0x08000206   0x08000206   0x00000000   Code   RO         3449    .ARM.Collect$$libshutdown$$00000004  c_w.l(libshutdown2.o)
    0x08000206   0x08000206   0x00000000   Code   RO         3451    .ARM.Collect$$libshutdown$$00000006  c_w.l(libshutdown2.o)
    0x08000206   0x08000206   0x00000000   Code   RO         3454    .ARM.Collect$$libshutdown$$00000009  c_w.l(libshutdown2.o)
    0x08000206   0x08000206   0x00000000   Code   RO         3457    .ARM.Collect$$libshutdown$$0000000C  c_w.l(libshutdown2.o)
    0x08000206   0x08000206   0x00000000   Code   RO         3459    .ARM.Collect$$libshutdown$$0000000E  c_w.l(libshutdown2.o)
    0x08000206   0x08000206   0x00000000   Code   RO         3462    .ARM.Collect$$libshutdown$$00000011  c_w.l(libshutdown2.o)
    0x08000206   0x08000206   0x00000002   Code   RO         3463    .ARM.Collect$$libshutdown$$00000012  c_w.l(libshutdown2.o)
    0x08000208   0x08000208   0x00000000   Code   RO         3299    .ARM.Collect$$rtentry$$00000000  c_w.l(__rtentry.o)
    0x08000208   0x08000208   0x00000000   Code   RO         3305    .ARM.Collect$$rtentry$$00000002  c_w.l(__rtentry2.o)
    0x08000208   0x08000208   0x00000006   Code   RO         3317    .ARM.Collect$$rtentry$$00000004  c_w.l(__rtentry4.o)
    0x0800020e   0x0800020e   0x00000000   Code   RO         3307    .ARM.Collect$$rtentry$$00000009  c_w.l(__rtentry2.o)
    0x0800020e   0x0800020e   0x00000004   Code   RO         3308    .ARM.Collect$$rtentry$$0000000A  c_w.l(__rtentry2.o)
    0x08000212   0x08000212   0x00000000   Code   RO         3310    .ARM.Collect$$rtentry$$0000000C  c_w.l(__rtentry2.o)
    0x08000212   0x08000212   0x00000008   Code   RO         3311    .ARM.Collect$$rtentry$$0000000D  c_w.l(__rtentry2.o)
    0x0800021a   0x0800021a   0x00000002   Code   RO         3338    .ARM.Collect$$rtexit$$00000000  c_w.l(rtexit.o)
    0x0800021c   0x0800021c   0x00000000   Code   RO         3394    .ARM.Collect$$rtexit$$00000002  c_w.l(rtexit2.o)
    0x0800021c   0x0800021c   0x00000004   Code   RO         3395    .ARM.Collect$$rtexit$$00000003  c_w.l(rtexit2.o)
    0x08000220   0x08000220   0x00000006   Code   RO         3396    .ARM.Collect$$rtexit$$00000004  c_w.l(rtexit2.o)
    0x08000226   0x08000226   0x00000002   PAD
    0x08000228   0x08000228   0x00000040   Code   RO            4    .text               startup_stm32f302xc.o
    0x08000268   0x08000268   0x000000ee   Code   RO         3285    .text               c_w.l(lludivv7m.o)
    0x08000356   0x08000356   0x0000008a   Code   RO         3289    .text               c_w.l(rt_memcpy_v6.o)
    0x080003e0   0x080003e0   0x00000064   Code   RO         3291    .text               c_w.l(rt_memcpy_w.o)
    0x08000444   0x08000444   0x0000004e   Code   RO         3293    .text               c_w.l(rt_memclr_w.o)
    0x08000492   0x08000492   0x00000006   Code   RO         3295    .text               c_w.l(heapauxi.o)
    0x08000498   0x08000498   0x0000004a   Code   RO         3321    .text               c_w.l(sys_stackheap_outer.o)
    0x080004e2   0x080004e2   0x00000012   Code   RO         3323    .text               c_w.l(exit.o)
    0x080004f4   0x080004f4   0x00000008   Code   RO         3335    .text               c_w.l(libspace.o)
    0x080004fc   0x080004fc   0x0000000c   Code   RO         3391    .text               c_w.l(sys_exit.o)
    0x08000508   0x08000508   0x00000002   Code   RO         3410    .text               c_w.l(use_no_semi.o)
    0x0800050a   0x0800050a   0x00000000   Code   RO         3412    .text               c_w.l(indicate_semi.o)
    0x0800050a   0x0800050a   0x00000002   Code   RO          742    i.BusFault_Handler  stm32f3xx_it.o
    0x0800050c   0x0800050c   0x0000000c   Code   RO          743    i.DMA1_Channel2_IRQHandler  stm32f3xx_it.o
    0x08000518   0x08000518   0x0000000c   Code   RO          744    i.DMA1_Channel3_IRQHandler  stm32f3xx_it.o
    0x08000524   0x08000524   0x0000000c   Code   RO          745    i.DMA1_Channel4_IRQHandler  stm32f3xx_it.o
    0x08000530   0x08000530   0x0000000c   Code   RO          746    i.DMA1_Channel5_IRQHandler  stm32f3xx_it.o
    0x0800053c   0x0800053c   0x0000000c   Code   RO          747    i.DMA1_Channel6_IRQHandler  stm32f3xx_it.o
    0x08000548   0x08000548   0x0000000c   Code   RO          748    i.DMA1_Channel7_IRQHandler  stm32f3xx_it.o
    0x08000554   0x08000554   0x0000003c   Code   RO         1640    i.DMA_CalcBaseAndBitshift  stm32f3xx_hal_dma.o
    0x08000590   0x08000590   0x0000002a   Code   RO         1641    i.DMA_SetConfig     stm32f3xx_hal_dma.o
    0x080005ba   0x080005ba   0x00000002   Code   RO          749    i.DebugMon_Handler  stm32f3xx_it.o
    0x080005bc   0x080005bc   0x00000004   Code   RO          556    i.Error_Handler     main.o
    0x080005c0   0x080005c0   0x0000004a   Code   RO         1643    i.HAL_DMA_Abort_IT  stm32f3xx_hal_dma.o
    0x0800060a   0x0800060a   0x000000a8   Code   RO         1647    i.HAL_DMA_IRQHandler  stm32f3xx_hal_dma.o
    0x080006b2   0x080006b2   0x0000004e   Code   RO         1648    i.HAL_DMA_Init      stm32f3xx_hal_dma.o
    0x08000700   0x08000700   0x00000070   Code   RO         1652    i.HAL_DMA_Start_IT  stm32f3xx_hal_dma.o
    0x08000770   0x08000770   0x00000188   Code   RO         1577    i.HAL_GPIO_Init     stm32f3xx_hal_gpio.o
    0x080008f8   0x080008f8   0x0000000c   Code   RO         1580    i.HAL_GPIO_TogglePin  stm32f3xx_hal_gpio.o
    0x08000904   0x08000904   0x0000000a   Code   RO         1581    i.HAL_GPIO_WritePin  stm32f3xx_hal_gpio.o
    0x0800090e   0x0800090e   0x00000002   PAD
    0x08000910   0x08000910   0x0000000c   Code   RO         1264    i.HAL_GetTick       stm32f3xx_hal.o
    0x0800091c   0x0800091c   0x00000010   Code   RO         1270    i.HAL_IncTick       stm32f3xx_hal.o
    0x0800092c   0x0800092c   0x00000024   Code   RO         1271    i.HAL_Init          stm32f3xx_hal.o
    0x08000950   0x08000950   0x00000040   Code   RO         1272    i.HAL_InitTick      stm32f3xx_hal.o
    0x08000990   0x08000990   0x0000003c   Code   RO          878    i.HAL_MspInit       stm32f3xx_hal_msp.o
    0x080009cc   0x080009cc   0x0000001a   Code   RO         1745    i.HAL_NVIC_EnableIRQ  stm32f3xx_hal_cortex.o
    0x080009e6   0x080009e6   0x00000002   PAD
    0x080009e8   0x080009e8   0x00000040   Code   RO         1751    i.HAL_NVIC_SetPriority  stm32f3xx_hal_cortex.o
    0x08000a28   0x08000a28   0x00000024   Code   RO         1752    i.HAL_NVIC_SetPriorityGrouping  stm32f3xx_hal_cortex.o
    0x08000a4c   0x08000a4c   0x000001f4   Code   RO         1534    i.HAL_RCCEx_PeriphCLKConfig  stm32f3xx_hal_rcc_ex.o
    0x08000c40   0x08000c40   0x00000148   Code   RO         1428    i.HAL_RCC_ClockConfig  stm32f3xx_hal_rcc.o
    0x08000d88   0x08000d88   0x00000030   Code   RO         1435    i.HAL_RCC_GetPCLK1Freq  stm32f3xx_hal_rcc.o
    0x08000db8   0x08000db8   0x00000030   Code   RO         1436    i.HAL_RCC_GetPCLK2Freq  stm32f3xx_hal_rcc.o
    0x08000de8   0x08000de8   0x0000006c   Code   RO         1437    i.HAL_RCC_GetSysClockFreq  stm32f3xx_hal_rcc.o
    0x08000e54   0x08000e54   0x000005c8   Code   RO         1440    i.HAL_RCC_OscConfig  stm32f3xx_hal_rcc.o
    0x0800141c   0x0800141c   0x00000002   Code   RO          909    i.HAL_SPI_ErrorCallback  stm32f3xx_hal_spi.o
    0x0800141e   0x0800141e   0x00000002   PAD
    0x08001420   0x08001420   0x000000fc   Code   RO          912    i.HAL_SPI_IRQHandler  stm32f3xx_hal_spi.o
    0x0800151c   0x0800151c   0x000000b6   Code   RO          913    i.HAL_SPI_Init      stm32f3xx_hal_spi.o
    0x080015d2   0x080015d2   0x00000002   PAD
    0x080015d4   0x080015d4   0x000000c8   Code   RO          653    i.HAL_SPI_MspInit   spi.o
    0x0800169c   0x0800169c   0x0000017e   Code   RO          921    i.HAL_SPI_Transmit  stm32f3xx_hal_spi.o
    0x0800181a   0x0800181a   0x00000262   Code   RO          922    i.HAL_SPI_TransmitReceive  stm32f3xx_hal_spi.o
    0x08001a7c   0x08001a7c   0x00000028   Code   RO         1756    i.HAL_SYSTICK_Config  stm32f3xx_hal_cortex.o
    0x08001aa4   0x08001aa4   0x00000002   Code   RO         3199    i.HAL_UARTEx_WakeupCallback  stm32f3xx_hal_uart_ex.o
    0x08001aa6   0x08001aa6   0x00000002   Code   RO         2844    i.HAL_UART_ErrorCallback  stm32f3xx_hal_uart.o
    0x08001aa8   0x08001aa8   0x00000160   Code   RO         2847    i.HAL_UART_IRQHandler  stm32f3xx_hal_uart.o
    0x08001c08   0x08001c08   0x00000066   Code   RO         2848    i.HAL_UART_Init     stm32f3xx_hal_uart.o
    0x08001c6e   0x08001c6e   0x00000002   PAD
    0x08001c70   0x08001c70   0x0000018c   Code   RO          695    i.HAL_UART_MspInit  usart.o
    0x08001dfc   0x08001dfc   0x0000009c   Code   RO         2853    i.HAL_UART_Receive_IT  stm32f3xx_hal_uart.o
    0x08001e98   0x08001e98   0x000009c0   Code   RO          383    i.HAL_UART_RxCpltCallback  usartuser.o
    0x08002858   0x08002858   0x00000090   Code   RO         2858    i.HAL_UART_Transmit_DMA  stm32f3xx_hal_uart.o
    0x080028e8   0x080028e8   0x0000014c   Code   RO          384    i.HAL_UART_TxCpltCallback  usartuser.o
    0x08002a34   0x08002a34   0x00000002   Code   RO         2861    i.HAL_UART_TxHalfCpltCallback  stm32f3xx_hal_uart.o
    0x08002a36   0x08002a36   0x00000002   Code   RO          750    i.HardFault_Handler  stm32f3xx_it.o
    0x08002a38   0x08002a38   0x0000007c   Code   RO          628    i.MX_DMA_Init       dma.o
    0x08002ab4   0x08002ab4   0x00000098   Code   RO          604    i.MX_GPIO_Init      gpio.o
    0x08002b4c   0x08002b4c   0x00000050   Code   RO          654    i.MX_SPI1_Init      spi.o
    0x08002b9c   0x08002b9c   0x0000003c   Code   RO          696    i.MX_USART1_UART_Init  usart.o
    0x08002bd8   0x08002bd8   0x0000003c   Code   RO          697    i.MX_USART2_UART_Init  usart.o
    0x08002c14   0x08002c14   0x00000002   Code   RO          751    i.MemManage_Handler  stm32f3xx_it.o
    0x08002c16   0x08002c16   0x00000002   Code   RO          752    i.NMI_Handler       stm32f3xx_it.o
    0x08002c18   0x08002c18   0x00000002   Code   RO          753    i.PendSV_Handler    stm32f3xx_it.o
    0x08002c1a   0x08002c1a   0x00000002   Code   RO          754    i.RCC_IRQHandler    stm32f3xx_it.o
    0x08002c1c   0x08002c1c   0x0000002c   Code   RO          448    i.ReadSR            spiuser.o
    0x08002c48   0x08002c48   0x0000000c   Code   RO          755    i.SPI1_IRQHandler   stm32f3xx_it.o
    0x08002c54   0x08002c54   0x00000012   Code   RO          940    i.SPI_DMAAbortOnError  stm32f3xx_hal_spi.o
    0x08002c66   0x08002c66   0x00000048   Code   RO          951    i.SPI_EndRxTxTransaction  stm32f3xx_hal_spi.o
    0x08002cae   0x08002cae   0x00000002   PAD
    0x08002cb0   0x08002cb0   0x00000010   Code   RO          450    i.SPI_Rate_changer  spiuser.o
    0x08002cc0   0x08002cc0   0x0000004c   Code   RO          451    i.SPI_Read_Flash    spiuser.o
    0x08002d0c   0x08002d0c   0x00000050   Code   RO          452    i.SPI_Read_zeros_ones  spiuser.o
    0x08002d5c   0x08002d5c   0x00000020   Code   RO          453    i.SPI_WRSR          spiuser.o
    0x08002d7c   0x08002d7c   0x00000096   Code   RO          956    i.SPI_WaitFifoStateUntilTimeout  stm32f3xx_hal_spi.o
    0x08002e12   0x08002e12   0x00000094   Code   RO          957    i.SPI_WaitFlagStateUntilTimeout  stm32f3xx_hal_spi.o
    0x08002ea6   0x08002ea6   0x00000002   PAD
    0x08002ea8   0x08002ea8   0x00000090   Code   RO          454    i.SPI_Write_Flash   spiuser.o
    0x08002f38   0x08002f38   0x00000098   Code   RO          455    i.SPI_Write_zeros_ones  spiuser.o
    0x08002fd0   0x08002fd0   0x00000002   Code   RO          756    i.SVC_Handler       stm32f3xx_it.o
    0x08002fd2   0x08002fd2   0x00000002   PAD
    0x08002fd4   0x08002fd4   0x0000001c   Code   RO          757    i.SysTick_Handler   stm32f3xx_it.o
    0x08002ff0   0x08002ff0   0x0000007a   Code   RO          557    i.SystemClock_Config  main.o
    0x0800306a   0x0800306a   0x00000002   PAD
    0x0800306c   0x0800306c   0x0000001c   Code   RO         3249    i.SystemInit        system_stm32f3xx.o
    0x08003088   0x08003088   0x000000c8   Code   RO         2862    i.UART_AdvFeatureConfig  stm32f3xx_hal_uart.o
    0x08003150   0x08003150   0x00000058   Code   RO         2863    i.UART_CheckIdleState  stm32f3xx_hal_uart.o
    0x080031a8   0x080031a8   0x00000014   Code   RO         2864    i.UART_DMAAbortOnError  stm32f3xx_hal_uart.o
    0x080031bc   0x080031bc   0x00000048   Code   RO         2865    i.UART_DMAError     stm32f3xx_hal_uart.o
    0x08003204   0x08003204   0x0000002e   Code   RO         2870    i.UART_DMATransmitCplt  stm32f3xx_hal_uart.o
    0x08003232   0x08003232   0x0000000a   Code   RO         2872    i.UART_DMATxHalfCplt  stm32f3xx_hal_uart.o
    0x0800323c   0x0800323c   0x0000001e   Code   RO         2874    i.UART_EndRxTransfer  stm32f3xx_hal_uart.o
    0x0800325a   0x0800325a   0x00000010   Code   RO         2875    i.UART_EndTxTransfer  stm32f3xx_hal_uart.o
    0x0800326a   0x0800326a   0x0000005a   Code   RO         2876    i.UART_RxISR_16BIT  stm32f3xx_hal_uart.o
    0x080032c4   0x080032c4   0x0000005a   Code   RO         2877    i.UART_RxISR_8BIT   stm32f3xx_hal_uart.o
    0x0800331e   0x0800331e   0x00000002   PAD
    0x08003320   0x08003320   0x000001e8   Code   RO         2878    i.UART_SetConfig    stm32f3xx_hal_uart.o
    0x08003508   0x08003508   0x000000a4   Code   RO         2881    i.UART_WaitOnFlagUntilTimeout  stm32f3xx_hal_uart.o
    0x080035ac   0x080035ac   0x0000000c   Code   RO          758    i.USART1_IRQHandler  stm32f3xx_it.o
    0x080035b8   0x080035b8   0x0000000c   Code   RO          759    i.USART2_IRQHandler  stm32f3xx_it.o
    0x080035c4   0x080035c4   0x00000002   Code   RO          760    i.UsageFault_Handler  stm32f3xx_it.o
    0x080035c6   0x080035c6   0x00000020   Code   RO         1758    i.__NVIC_SetPriority  stm32f3xx_hal_cortex.o
    0x080035e6   0x080035e6   0x00000010   Code   RO           13    i.acsii_translate_behind  board.o
    0x080035f6   0x080035f6   0x0000000e   Code   RO           14    i.acsii_translate_front  board.o
    0x08003604   0x08003604   0x000000b4   Code   RO           15    i.all_in_transmit   board.o
    0x080036b8   0x080036b8   0x00000012   Code   RO          385    i.arrayCopy         usartuser.o
    0x080036ca   0x080036ca   0x00000002   PAD
    0x080036cc   0x080036cc   0x00000010   Code   RO           16    i.board_Init        board.o
    0x080036dc   0x080036dc   0x00000012   Code   RO           17    i.board_quick       board.o
    0x080036ee   0x080036ee   0x00000002   PAD
    0x080036f0   0x080036f0   0x00000020   Code   RO           18    i.board_slow        board.o
    0x08003710   0x08003710   0x000000d0   Code   RO           19    i.board_ticks_handle  board.o
    0x080037e0   0x080037e0   0x00000018   Code   RO           20    i.check_clc         board.o
    0x080037f8   0x080037f8   0x0000007c   Code   RO           21    i.check_data_1      board.o
    0x08003874   0x08003874   0x00000028   Code   RO           23    i.clc_array         board.o
    0x0800389c   0x0800389c   0x0000004c   Code   RO           24    i.clc_screen        board.o
    0x080038e8   0x080038e8   0x0000017c   Code   RO           25    i.cut_off_test_by_screan_ones  board.o
    0x08003a64   0x08003a64   0x00000174   Code   RO           26    i.cut_off_test_by_screan_zeros  board.o
    0x08003bd8   0x08003bd8   0x00000324   Code   RO           27    i.cut_off_zeros_ones  board.o
    0x08003efc   0x08003efc   0x0000000c   Code   RO          456    i.disable_SPI       spiuser.o
    0x08003f08   0x08003f08   0x0000000c   Code   RO          457    i.enable_SPI        spiuser.o
    0x08003f14   0x08003f14   0x00000026   Code   RO           28    i.get_ascii_from_int  board.o
    0x08003f3a   0x08003f3a   0x00000002   PAD
    0x08003f3c   0x08003f3c   0x0000001c   Code   RO           29    i.get_int_size      board.o
    0x08003f58   0x08003f58   0x00000036   Code   RO          558    i.main              main.o
    0x08003f8e   0x08003f8e   0x00000002   PAD
    0x08003f90   0x08003f90   0x00000224   Code   RO           30    i.ones_to_trans     board.o
    0x080041b4   0x080041b4   0x000000e4   Code   RO           32    i.ones_to_trans_tired  board.o
    0x08004298   0x08004298   0x00000100   Code   RO           33    i.receive_String_Handle  board.o
    0x08004398   0x08004398   0x00000070   Code   RO           34    i.receive_String_Handle_devided  board.o
    0x08004408   0x08004408   0x0000019c   Code   RO           35    i.receive_forward   board.o
    0x080045a4   0x080045a4   0x00000090   Code   RO           36    i.receive_to_check_with_addr  board.o
    0x08004634   0x08004634   0x00000198   Code   RO          386    i.screen_trans      usartuser.o
    0x080047cc   0x080047cc   0x0000004c   Code   RO          461    i.spiuser_Init      spiuser.o
    0x08004818   0x08004818   0x000000ac   Code   RO           37    i.to_change_spi     board.o
    0x080048c4   0x080048c4   0x00000034   Code   RO           38    i.to_check_flag     board.o
    0x080048f8   0x080048f8   0x0000008c   Code   RO           39    i.to_get_data_devided  board.o
    0x08004984   0x08004984   0x0000002c   Code   RO           40    i.to_read_spi       board.o
    0x080049b0   0x080049b0   0x000000ec   Code   RO           41    i.to_tired_test     board.o
    0x08004a9c   0x08004a9c   0x000000dc   Code   RO           42    i.to_tired_test_zeros_ones  board.o
    0x08004b78   0x08004b78   0x00000050   Code   RO           43    i.trans_to_check_with_addr  board.o
    0x08004bc8   0x08004bc8   0x0000015c   Code   RO          388    i.usartuser_Init    usartuser.o
    0x08004d24   0x08004d24   0x00000278   Code   RO           46    i.zeros_ones_trans_report  board.o
    0x08004f9c   0x08004f9c   0x00000220   Code   RO           47    i.zeros_to_trans    board.o
    0x080051bc   0x080051bc   0x000000d4   Code   RO           49    i.zeros_to_trans_tired  board.o
    0x08005290   0x08005290   0x0000000a   Code   RO         3406    x$fpl$fpinit        fz_wm.l(fpinit.o)
    0x0800529a   0x0800529a   0x00000020   Data   RO         1441    .constdata          stm32f3xx_hal_rcc.o
    0x080052ba   0x080052ba   0x00000010   Data   RO         3250    .constdata          system_stm32f3xx.o
    0x080052ca   0x080052ca   0x00000008   Data   RO         3251    .constdata          system_stm32f3xx.o
    0x080052d2   0x080052d2   0x00000002   PAD
    0x080052d4   0x080052d4   0x00000020   Data   RO         3464    Region$$Table       anon$$obj.o


    Execution Region RW_IRAM1 (Exec base: 0x20000000, Load base: 0x080052f4, Size: 0x000053c8, Max: 0x00008000, ABSOLUTE)

    Exec Addr    Load Addr    Size         Type   Attr      Idx    E Section Name        Object

    0x20000000   0x080052f4   0x00000007   Data   RW          390    .data               usartuser.o
    0x20000007   0x080052fb   0x00000001   PAD
    0x20000008   0x080052fc   0x0000000c   Data   RW         1278    .data               stm32f3xx_hal.o
    0x20000014   0x08005308   0x00000004   Data   RW         3252    .data               system_stm32f3xx.o
    0x20000018        -       0x0000000c   Zero   RW           50    .bss                board.o
    0x20000024   0x0800530c   0x00000004   PAD
    0x20000028        -       0x00004090   Zero   RW          389    .bss                usartuser.o
    0x200040b8        -       0x000009b0   Zero   RW          462    .bss                spiuser.o
    0x20004a68        -       0x000000ec   Zero   RW          655    .bss                spi.o
    0x20004b54        -       0x00000210   Zero   RW          698    .bss                usart.o
    0x20004d64        -       0x00000060   Zero   RW         3336    .bss                c_w.l(libspace.o)
    0x20004dc4   0x0800530c   0x00000004   PAD
    0x20004dc8        -       0x00000200   Zero   RW            2    HEAP                startup_stm32f302xc.o
    0x20004fc8        -       0x00000400   Zero   RW            1    STACK               startup_stm32f302xc.o


==============================================================================

Image component sizes


      Code (inc. data)   RO Data    RW Data    ZI Data      Debug   Object Name

      6402        512          0          0         12     543175   board.o
       124          4          0          0          0        810   dma.o
       152         10          0          0          0        935   gpio.o
       180          0          0          0          0       2084   main.o
       280         24          0          0        236       1855   spi.o
       644         38          0          0       2480       7698   spiuser.o
        64         26        392          0       1536        840   startup_stm32f302xc.o
       128         24          0         12          0      11877   stm32f3xx_hal.o
       198         14          0          0          0      33935   stm32f3xx_hal_cortex.o
       534         12          0          0          0       4938   stm32f3xx_hal_dma.o
       414         28          0          0          0       2993   stm32f3xx_hal_gpio.o
        60          4          0          0          0        870   stm32f3xx_hal_msp.o
      2012         76         32          0          0       5804   stm32f3xx_hal_rcc.o
       500         14          0          0          0       1560   stm32f3xx_hal_rcc_ex.o
      1816          6          0          0          0       9785   stm32f3xx_hal_spi.o
      2072         80          0          0          0      14156   stm32f3xx_hal_uart.o
         2          0          0          0          0       1000   stm32f3xx_hal_uart_ex.o
       154         58          0          0          0       8891   stm32f3xx_it.o
        28          6         24          4          0       1147   system_stm32f3xx.o
       516         36          0          0        528       2751   usart.o
      3602        232          0          7      16528       8869   usartuser.o

    ----------------------------------------------------------------------
     19910       1204        482         24      21324     665973   Object Totals
         0          0         32          0          0          0   (incl. Generated)
        28          0          2          1          4          0   (incl. Padding)

    ----------------------------------------------------------------------

      Code (inc. data)   RO Data    RW Data    ZI Data      Debug   Library Member Name

         8          0          0          0          0         68   __main.o
         0          0          0          0          0          0   __rtentry.o
        12          0          0          0          0          0   __rtentry2.o
         6          0          0          0          0          0   __rtentry4.o
        52          8          0          0          0          0   __scatter.o
        26          0          0          0          0          0   __scatter_copy.o
        28          0          0          0          0          0   __scatter_zi.o
        18          0          0          0          0         80   exit.o
         6          0          0          0          0        152   heapauxi.o
         0          0          0          0          0          0   indicate_semi.o
         2          0          0          0          0          0   libinit.o
         6          0          0          0          0          0   libinit2.o
         2          0          0          0          0          0   libshutdown.o
         2          0          0          0          0          0   libshutdown2.o
         8          4          0          0         96         68   libspace.o
       238          0          0          0          0        100   lludivv7m.o
        78          0          0          0          0         80   rt_memclr_w.o
       138          0          0          0          0         68   rt_memcpy_v6.o
       100          0          0          0          0         80   rt_memcpy_w.o
         2          0          0          0          0          0   rtexit.o
        10          0          0          0          0          0   rtexit2.o
        12          4          0          0          0         68   sys_exit.o
        74          0          0          0          0         80   sys_stackheap_outer.o
         2          0          0          0          0         68   use_no_semi.o
        10          0          0          0          0        116   fpinit.o

    ----------------------------------------------------------------------
       844         16          0          0        100       1028   Library Totals
         4          0          0          0          4          0   (incl. Padding)

    ----------------------------------------------------------------------

      Code (inc. data)   RO Data    RW Data    ZI Data      Debug   Library Name

       830         16          0          0         96        912   c_w.l
        10          0          0          0          0        116   fz_wm.l

    ----------------------------------------------------------------------
       844         16          0          0        100       1028   Library Totals

    ----------------------------------------------------------------------

==============================================================================


      Code (inc. data)   RO Data    RW Data    ZI Data      Debug   

     20754       1220        482         24      21424     654337   Grand Totals
     20754       1220        482         24      21424     654337   ELF Image Totals
     20754       1220        482         24          0          0   ROM Totals

==============================================================================

    Total RO  Size (Code + RO Data)                21236 (  20.74kB)
    Total RW  Size (RW Data + ZI Data)             21448 (  20.95kB)
    Total ROM Size (Code + RO Data + RW Data)      21260 (  20.76kB)

==============================================================================

