<html>
<body>
<pre>
<h1>µVision Build Log</h1>
<h2>Tool Versions:</h2>
IDE-Version: ¦ÌVision V5.36.0.0
Copyright (C) 2021 ARM Ltd and ARM Germany GmbH. All rights reserved.
License Information: 123 DELL, 123, LIC=CZLZX-H7N6F-PCAJ8-3A44A-51IVU-IIP43
 
Tool Versions:
Toolchain:       MDK-ARM Plus  Version: 5.36.0.0
Toolchain Path:  C:\Keil_v5\ARM\ARMCC\Bin
C Compiler:      Armcc.exe V5.06 update 7 (build 960)
Assembler:       Armasm.exe V5.06 update 7 (build 960)
Linker/Locator:  ArmLink.exe V5.06 update 7 (build 960)
Library Manager: ArmAr.exe V5.06 update 7 (build 960)
Hex Converter:   FromElf.exe V5.06 update 7 (build 960)
CPU DLL:         SARMCM3.DLL V5.36.0.0
Dialog DLL:      DCM.DLL V1.17.3.0
Target DLL:      STLink\ST-LINKIII-KEIL_SWO.dll V3.0.9.0
Dialog DLL:      TCM.DLL V1.53.0.0
 
<h2>Project:</h2>
D:\TEST\STM32Test\NewProjectOfWork\MDK-ARM\NewProjectOfWork.uvprojx
Project File Date:  01/04/2025

<h2>Output:</h2>
*** Using Compiler 'V5.06 update 7 (build 960)', folder: 'C:\Keil_v5\ARM\ARMCC\Bin'
Build target 'NewProjectOfWork'
compiling board.c...
..\User\board.h(73): warning:  #1-D: last line of file ends without a newline
  #endif
..\User\spiuser.h(78): warning:  #1295-D: Deprecated declaration ReadSR - give arg types
  uint8_t ReadSR();
..\User\spiuser.h(86): warning:  #1-D: last line of file ends without a newline
  #endif
..\User\usartuser.h(169): warning:  #1-D: last line of file ends without a newline
  #endif
..\User\board.h(73): warning:  #1-D: last line of file ends without a newline
  #endif
..\User\board.c(1537): warning:  #177-D: variable "a"  was declared but never referenced
                      int a = j;
..\User\board.c: 6 warnings, 0 errors
linking...
Program Size: Code=20754 RO-data=482 RW-data=24 ZI-data=21424  
FromELF: creating hex file...
"NewProjectOfWork\NewProjectOfWork.axf" - 0 Error(s), 6 Warning(s).

<h2>Software Packages used:</h2>

Package Vendor: ARM
                http://www.keil.com/pack/ARM.CMSIS.5.8.0.pack
                ARM.CMSIS.5.8.0
                CMSIS (Common Microcontroller Software Interface Standard)
   * Component: CORE Version: 5.5.0

Package Vendor: Keil
                http://www.keil.com/pack/Keil.STM32F3xx_DFP.2.2.2.pack
                Keil.STM32F3xx_DFP.2.2.2
                STMicroelectronics STM32F3 Series Device Support and Examples

<h2>Collection of Component include folders:</h2>
  .\RTE\_NewProjectOfWork
  C:\Users\DELL\AppData\Local\Arm\Packs\ARM\CMSIS\5.8.0\CMSIS\Core\Include
  C:\Users\DELL\AppData\Local\Arm\Packs\Keil\STM32F3xx_DFP\2.2.2\Drivers\CMSIS\Device\ST\STM32F3xx\Include

<h2>Collection of Component Files used:</h2>

   * Component: ARM::CMSIS:CORE:5.5.0
      Include file:  CMSIS\Core\Include\tz_context.h
Build Time Elapsed:  00:00:02
</pre>
</body>
</html>
